[mcb] part1_index at 09925ad seed=13 threads=1
  units: 19829 sessions, 199641 turns, 998042 sub-units
    [turns] 20000/199641 encoded (1s)
    [turns] 40000/199641 encoded (1s)
    [turns] 60000/199641 encoded (2s)
    [turns] 80000/199641 encoded (2s)
    [turns] 100000/199641 encoded (3s)
    [turns] 120000/199641 encoded (3s)
    [turns] 140000/199641 encoded (4s)
    [turns] 160000/199641 encoded (4s)
    [turns] 180000/199641 encoded (5s)
    [turns] 199641/199641 encoded (5s)
    [sub-units] 20000/998042 encoded (0s)
    [sub-units] 40000/998042 encoded (1s)
    [sub-units] 60000/998042 encoded (1s)
    [sub-units] 80000/998042 encoded (1s)
    [sub-units] 100000/998042 encoded (2s)
    [sub-units] 120000/998042 encoded (2s)
    [sub-units] 140000/998042 encoded (2s)
    [sub-units] 160000/998042 encoded (3s)
    [sub-units] 180000/998042 encoded (3s)
    [sub-units] 200000/998042 encoded (3s)
    [sub-units] 220000/998042 encoded (4s)
    [sub-units] 240000/998042 encoded (5s)
    [sub-units] 260000/998042 encoded (5s)
    [sub-units] 280000/998042 encoded (5s)
    [sub-units] 300000/998042 encoded (6s)
    [sub-units] 320000/998042 encoded (6s)
    [sub-units] 340000/998042 encoded (6s)
    [sub-units] 360000/998042 encoded (7s)
    [sub-units] 380000/998042 encoded (7s)
    [sub-units] 400000/998042 encoded (7s)
    [sub-units] 420000/998042 encoded (8s)
    [sub-units] 440000/998042 encoded (8s)
    [sub-units] 460000/998042 encoded (8s)
    [sub-units] 480000/998042 encoded (9s)
    [sub-units] 500000/998042 encoded (9s)
    [sub-units] 520000/998042 encoded (10s)
    [sub-units] 540000/998042 encoded (10s)
    [sub-units] 560000/998042 encoded (10s)
    [sub-units] 580000/998042 encoded (10s)
    [sub-units] 600000/998042 encoded (11s)
    [sub-units] 620000/998042 encoded (11s)
    [sub-units] 640000/998042 encoded (11s)
    [sub-units] 660000/998042 encoded (12s)
    [sub-units] 680000/998042 encoded (12s)
    [sub-units] 700000/998042 encoded (12s)
    [sub-units] 720000/998042 encoded (13s)
    [sub-units] 740000/998042 encoded (13s)
    [sub-units] 760000/998042 encoded (14s)
    [sub-units] 780000/998042 encoded (14s)
    [sub-units] 800000/998042 encoded (14s)
    [sub-units] 820000/998042 encoded (15s)
    [sub-units] 840000/998042 encoded (15s)
    [sub-units] 860000/998042 encoded (16s)
    [sub-units] 880000/998042 encoded (16s)
    [sub-units] 900000/998042 encoded (16s)
    [sub-units] 920000/998042 encoded (17s)
    [sub-units] 940000/998042 encoded (17s)
    [sub-units] 960000/998042 encoded (17s)
    [sub-units] 980000/998042 encoded (18s)
    [sub-units] 998042/998042 encoded (18s)
[part1] lme: 19829 containers, 199641 owner units, 998042 sub-units (94s)
[part1] topics fitted: 3421 topics, outlier share 0.3795613125560381 (621s)
  [graph] 100000/998042 sub-units parsed, 196541 phrases (413s)
  [graph] 200000/998042 sub-units parsed, 338933 phrases (799s)
  [graph] 300000/998042 sub-units parsed, 461346 phrases (1171s)
  [graph] 400000/998042 sub-units parsed, 573030 phrases (1641s)
  [graph] 500000/998042 sub-units parsed, 662503 phrases (2039s)
  [graph] 600000/998042 sub-units parsed, 757980 phrases (2460s)
  [graph] 700000/998042 sub-units parsed, 857643 phrases (2865s)
  [graph] 800000/998042 sub-units parsed, 994133 phrases (3122s)
  [graph] 900000/998042 sub-units parsed, 1120879 phrases (3420s)
  [graph] 998042 sub-units, 1227422 phrases, 8325691 occurrences (3714s, 4 processes)
  [graph] hub rule dropped 972 pronoun and 6137 hub phrases; 8349698 edges from 9686138 pairs; 2746958 edges kept
  [graph] plain: 1670 communities, modularity 0.634, largest share (nodes) 0.0913023234494455
  [graph] topic: 1685 communities, modularity 0.637, largest share (nodes) 0.0931261504464275
[part1] graph built: plain 1670 communities, largest share 0.10969859146646278, topic 1685 communities, largest share 0.11148998735554444 (3916s)
[part1] relation vectors: 116 spaces encoded, 0 present, 500 wanted (1409s)
  [overlay] longmemeval: 12830 candidate pairs, 2566 in the top share, 2566 flagged (cap 5000)
Direct use of automatic function calling (AFC) in Models.generate_content is not recommended. Instead, we recommend to use AFC in Chat.send_message. Similarly, direct use of AFC in Models.generate_content_stream is not recommended. Instead, we recommend to use AFC in Chat.send_message_stream.
Direct use of automatic function calling (AFC) in Models.generate_content is not recommended. Instead, we recommend to use AFC in Chat.send_message. Similarly, direct use of AFC in Models.generate_content_stream is not recommended. Instead, we recommend to use AFC in Chat.send_message_stream.
Direct use of automatic function calling (AFC) in Models.generate_content is not recommended. Instead, we recommend to use AFC in Chat.send_message. Similarly, direct use of AFC in Models.generate_content_stream is not recommended. Instead, we recommend to use AFC in Chat.send_message_stream.
Direct use of automatic function calling (AFC) in Models.generate_content is not recommended. Instead, we recommend to use AFC in Chat.send_message. Similarly, direct use of AFC in Models.generate_content_stream is not recommended. Instead, we recommend to use AFC in Chat.send_message_stream.
    [overlay] 200/2566 pairs proposed (46s)
    [overlay] 400/2566 pairs proposed (90s)
    [overlay] 600/2566 pairs proposed (133s)
    [overlay] 800/2566 pairs proposed (176s)
    [overlay] 1000/2566 pairs proposed (219s)
    [overlay] 1200/2566 pairs proposed (262s)
    [overlay] 1400/2566 pairs proposed (305s)
    [overlay] 1600/2566 pairs proposed (347s)
    [overlay] 1800/2566 pairs proposed (389s)
    [overlay] 2000/2566 pairs proposed (432s)
    [overlay] 2200/2566 pairs proposed (473s)
    [overlay] 2400/2566 pairs proposed (516s)
[part1] overlay generated: links {'R0': 0, 'R2': 2566, 'R3': 570, 'P0': 570} (659s)
[part1] index written to results/part1/lme/index in 111.6 min, USD 0.2814
