[mcb] part1_retrieve at 09925ad seed=13 threads=1
  units: 19829 sessions, 199641 turns, 998042 sub-units
    [turns] 20000/199641 encoded (0s)
    [turns] 40000/199641 encoded (0s)
    [turns] 60000/199641 encoded (1s)
    [turns] 80000/199641 encoded (1s)
    [turns] 100000/199641 encoded (1s)
    [turns] 120000/199641 encoded (1s)
    [turns] 140000/199641 encoded (1s)
    [turns] 160000/199641 encoded (2s)
    [turns] 180000/199641 encoded (2s)
    [turns] 199641/199641 encoded (2s)
    [sub-units] 20000/998042 encoded (0s)
    [sub-units] 40000/998042 encoded (0s)
    [sub-units] 60000/998042 encoded (1s)
    [sub-units] 80000/998042 encoded (1s)
    [sub-units] 100000/998042 encoded (1s)
    [sub-units] 120000/998042 encoded (1s)
    [sub-units] 140000/998042 encoded (1s)
    [sub-units] 160000/998042 encoded (1s)
    [sub-units] 180000/998042 encoded (2s)
    [sub-units] 200000/998042 encoded (2s)
    [sub-units] 220000/998042 encoded (2s)
    [sub-units] 240000/998042 encoded (2s)
    [sub-units] 260000/998042 encoded (2s)
    [sub-units] 280000/998042 encoded (3s)
    [sub-units] 300000/998042 encoded (3s)
    [sub-units] 320000/998042 encoded (3s)
    [sub-units] 340000/998042 encoded (3s)
    [sub-units] 360000/998042 encoded (3s)
    [sub-units] 380000/998042 encoded (3s)
    [sub-units] 400000/998042 encoded (4s)
    [sub-units] 420000/998042 encoded (4s)
    [sub-units] 440000/998042 encoded (4s)
    [sub-units] 460000/998042 encoded (4s)
    [sub-units] 480000/998042 encoded (4s)
    [sub-units] 500000/998042 encoded (5s)
    [sub-units] 520000/998042 encoded (5s)
    [sub-units] 540000/998042 encoded (5s)
    [sub-units] 560000/998042 encoded (5s)
    [sub-units] 580000/998042 encoded (5s)
    [sub-units] 600000/998042 encoded (5s)
    [sub-units] 620000/998042 encoded (6s)
    [sub-units] 640000/998042 encoded (6s)
    [sub-units] 660000/998042 encoded (6s)
    [sub-units] 680000/998042 encoded (6s)
    [sub-units] 700000/998042 encoded (7s)
    [sub-units] 720000/998042 encoded (7s)
    [sub-units] 740000/998042 encoded (7s)
    [sub-units] 760000/998042 encoded (7s)
    [sub-units] 780000/998042 encoded (8s)
    [sub-units] 800000/998042 encoded (8s)
    [sub-units] 820000/998042 encoded (8s)
    [sub-units] 840000/998042 encoded (8s)
    [sub-units] 860000/998042 encoded (8s)
    [sub-units] 880000/998042 encoded (8s)
    [sub-units] 900000/998042 encoded (9s)
    [sub-units] 920000/998042 encoded (9s)
    [sub-units] 940000/998042 encoded (9s)
    [sub-units] 960000/998042 encoded (9s)
    [sub-units] 980000/998042 encoded (9s)
    [sub-units] 998042/998042 encoded (9s)
[part1] lme: 500 questions over 19829 containers, budgets [4000, 8000]
Token indices sequence length is longer than the specified maximum sequence length for this model (519 > 512). Running this sequence through the model will result in indexing errors
[part1]   10/500 questions retrieved (7s, USD 0.0000)
[part1]   20/500 questions retrieved (14s, USD 0.0000)
[part1]   30/500 questions retrieved (22s, USD 0.0000)
[part1]   40/500 questions retrieved (31s, USD 0.0000)
[part1]   50/500 questions retrieved (38s, USD 0.0000)
[part1]   60/500 questions retrieved (45s, USD 0.0000)
[part1]   70/500 questions retrieved (51s, USD 0.0000)
[part1]   80/500 questions retrieved (58s, USD 0.0000)
[part1]   90/500 questions retrieved (63s, USD 0.0000)
[part1]   100/500 questions retrieved (68s, USD 0.0000)
[part1]   110/500 questions retrieved (74s, USD 0.0000)
[part1]   120/500 questions retrieved (80s, USD 0.0000)
[part1]   130/500 questions retrieved (87s, USD 0.0000)
[part1]   140/500 questions retrieved (134s, USD 0.0000)
[part1]   150/500 questions retrieved (205s, USD 0.0000)
[part1]   160/500 questions retrieved (277s, USD 0.0000)
[part1]   170/500 questions retrieved (283s, USD 0.0000)
[part1]   180/500 questions retrieved (287s, USD 0.0000)
[part1]   190/500 questions retrieved (291s, USD 0.0000)
[part1]   200/500 questions retrieved (296s, USD 0.0000)
[part1]   210/500 questions retrieved (300s, USD 0.0000)
[part1]   220/500 questions retrieved (304s, USD 0.0000)
[part1]   230/500 questions retrieved (308s, USD 0.0000)
[part1]   240/500 questions retrieved (313s, USD 0.0000)
[part1]   250/500 questions retrieved (317s, USD 0.0000)
[part1]   260/500 questions retrieved (321s, USD 0.0000)
[part1]   270/500 questions retrieved (325s, USD 0.0000)
[part1]   280/500 questions retrieved (330s, USD 0.0000)
[part1]   290/500 questions retrieved (336s, USD 0.0000)
[part1]   300/500 questions retrieved (342s, USD 0.0000)
[part1]   310/500 questions retrieved (346s, USD 0.0000)
[part1]   320/500 questions retrieved (350s, USD 0.0000)
[part1]   330/500 questions retrieved (354s, USD 0.0000)
[part1]   340/500 questions retrieved (357s, USD 0.0000)
[part1]   350/500 questions retrieved (361s, USD 0.0000)
[part1]   360/500 questions retrieved (365s, USD 0.0000)
[part1]   370/500 questions retrieved (371s, USD 0.0000)
[part1]   380/500 questions retrieved (375s, USD 0.0000)
[part1]   390/500 questions retrieved (378s, USD 0.0000)
[part1]   400/500 questions retrieved (382s, USD 0.0000)
[part1]   410/500 questions retrieved (386s, USD 0.0000)
[part1]   420/500 questions retrieved (391s, USD 0.0000)
[part1]   430/500 questions retrieved (398s, USD 0.0000)
[part1]   440/500 questions retrieved (403s, USD 0.0000)
[part1]   450/500 questions retrieved (408s, USD 0.0000)
[part1]   460/500 questions retrieved (413s, USD 0.0000)
[part1]   470/500 questions retrieved (418s, USD 0.0000)
[part1]   480/500 questions retrieved (423s, USD 0.0000)
[part1]   490/500 questions retrieved (429s, USD 0.0000)
[part1]   500/500 questions retrieved (435s, USD 0.0000)
[part1] retrieve written to results/part1/lme/retrieve in 8.2 min, USD 0.0000
[part1]   4000 ours_cheap             joint_recall 0.9382978723404255  n 470
[part1]   4000 ours_cheap_norule      joint_recall 0.8  n 470
[part1]   4000 ours_sentence_norule   joint_recall 0.823404255319149  n 470
[part1]   4000 S5_noPGR               joint_recall 0.9446808510638298  n 470
[part1]   8000 ours_cheap             joint_recall 0.9574468085106383  n 470
[part1]   8000 ours_cheap_norule      joint_recall 0.8680851063829788  n 470
[part1]   8000 ours_sentence_norule   joint_recall 0.8787234042553191  n 470
[part1]   8000 S5_noPGR               joint_recall 0.9638297872340426  n 470
