Token indices sequence length is longer than the specified maximum sequence length for this model (685 > 512). Running this sequence through the model will result in indexing errors
[mcb] part1_retrieve at 09925ad seed=13 threads=1
    [chunks] 3376/3376 encoded (0s)
    [sentences] 20000/57073 encoded (0s)
    [sentences] 40000/57073 encoded (0s)
    [sentences] 57073/57073 encoded (1s)
[part1] mhrag: 2556 questions over 609 containers, budgets [4000, 8000]
Direct use of automatic function calling (AFC) in Models.generate_content is not recommended. Instead, we recommend to use AFC in Chat.send_message. Similarly, direct use of AFC in Models.generate_content_stream is not recommended. Instead, we recommend to use AFC in Chat.send_message_stream.
[part1]   10/2556 questions retrieved (94s, USD 0.0022)
[part1]   20/2556 questions retrieved (212s, USD 0.0045)
[part1]   30/2556 questions retrieved (327s, USD 0.0069)
[part1]   40/2556 questions retrieved (447s, USD 0.0094)
[part1]   50/2556 questions retrieved (570s, USD 0.0120)
[part1]   60/2556 questions retrieved (686s, USD 0.0144)
[part1]   70/2556 questions retrieved (797s, USD 0.0166)
[part1]   80/2556 questions retrieved (908s, USD 0.0190)
[part1]   90/2556 questions retrieved (1029s, USD 0.0216)
[part1]   100/2556 questions retrieved (1147s, USD 0.0241)
[part1]   110/2556 questions retrieved (1264s, USD 0.0265)
[part1]   120/2556 questions retrieved (1395s, USD 0.0290)
[part1]   130/2556 questions retrieved (1524s, USD 0.0318)
[part1]   140/2556 questions retrieved (1641s, USD 0.0341)
[part1]   150/2556 questions retrieved (1764s, USD 0.0368)
[part1]   160/2556 questions retrieved (1891s, USD 0.0394)
[part1]   170/2556 questions retrieved (2009s, USD 0.0418)
[part1]   180/2556 questions retrieved (2133s, USD 0.0443)
[part1]   190/2556 questions retrieved (2240s, USD 0.0466)
[part1]   200/2556 questions retrieved (2365s, USD 0.0491)
[part1]   210/2556 questions retrieved (2484s, USD 0.0516)
[part1]   220/2556 questions retrieved (2601s, USD 0.0538)
[part1]   230/2556 questions retrieved (2730s, USD 0.0564)
[part1]   240/2556 questions retrieved (2861s, USD 0.0591)
[part1]   250/2556 questions retrieved (2987s, USD 0.0617)
[part1]   260/2556 questions retrieved (3105s, USD 0.0644)
[part1]   270/2556 questions retrieved (3226s, USD 0.0672)
[part1]   280/2556 questions retrieved (3348s, USD 0.0698)
[part1]   290/2556 questions retrieved (3469s, USD 0.0724)
[part1]   300/2556 questions retrieved (3589s, USD 0.0750)
[part1]   310/2556 questions retrieved (3722s, USD 0.0780)
[part1]   320/2556 questions retrieved (3819s, USD 0.0802)
[part1]   330/2556 questions retrieved (3923s, USD 0.0825)
[part1]   340/2556 questions retrieved (4023s, USD 0.0848)
[part1]   350/2556 questions retrieved (4135s, USD 0.0875)
[part1]   360/2556 questions retrieved (4250s, USD 0.0901)
[part1]   370/2556 questions retrieved (4361s, USD 0.0925)
[part1]   380/2556 questions retrieved (4480s, USD 0.0953)
[part1]   390/2556 questions retrieved (4602s, USD 0.0980)
[part1]   400/2556 questions retrieved (4717s, USD 0.1006)
[part1]   410/2556 questions retrieved (4830s, USD 0.1032)
[part1]   420/2556 questions retrieved (4942s, USD 0.1057)
[part1]   430/2556 questions retrieved (5064s, USD 0.1085)
[part1]   440/2556 questions retrieved (5168s, USD 0.1107)
[part1]   450/2556 questions retrieved (5280s, USD 0.1131)
[part1]   460/2556 questions retrieved (5390s, USD 0.1158)
[part1]   470/2556 questions retrieved (5503s, USD 0.1185)
[part1]   480/2556 questions retrieved (5602s, USD 0.1209)
[part1]   490/2556 questions retrieved (5714s, USD 0.1234)
[part1]   500/2556 questions retrieved (5813s, USD 0.1259)
[part1]   510/2556 questions retrieved (5916s, USD 0.1284)
[part1]   520/2556 questions retrieved (6008s, USD 0.1306)
[part1]   530/2556 questions retrieved (6111s, USD 0.1331)
[part1]   540/2556 questions retrieved (6212s, USD 0.1354)
[part1]   550/2556 questions retrieved (6325s, USD 0.1380)
[part1]   560/2556 questions retrieved (6440s, USD 0.1404)
[part1]   570/2556 questions retrieved (6555s, USD 0.1428)
[part1]   580/2556 questions retrieved (6667s, USD 0.1455)
[part1]   590/2556 questions retrieved (6770s, USD 0.1478)
[part1]   600/2556 questions retrieved (6879s, USD 0.1504)
[part1]   610/2556 questions retrieved (6989s, USD 0.1530)
[part1]   620/2556 questions retrieved (7093s, USD 0.1555)
/Users/muralisid/.local/share/uv/python/cpython-3.11.16-macos-aarch64-none/lib/python3.11/multiprocessing/resource_tracker.py:254: UserWarning: resource_tracker: There appear to be 1 leaked semaphore objects to clean up at shutdown
  warnings.warn('resource_tracker: There appear to be %d '
