[mcb] part1_retrieve at 09925ad seed=13 threads=1
  units: 19829 sessions, 199641 turns, 998042 sub-units
    [turns] 20000/199641 encoded (0s)
    [turns] 40000/199641 encoded (0s)
    [turns] 60000/199641 encoded (0s)
    [turns] 80000/199641 encoded (0s)
    [turns] 100000/199641 encoded (0s)
    [turns] 120000/199641 encoded (1s)
    [turns] 140000/199641 encoded (1s)
    [turns] 160000/199641 encoded (1s)
    [turns] 180000/199641 encoded (1s)
    [turns] 199641/199641 encoded (1s)
    [sub-units] 20000/998042 encoded (0s)
    [sub-units] 40000/998042 encoded (0s)
    [sub-units] 60000/998042 encoded (0s)
    [sub-units] 80000/998042 encoded (0s)
    [sub-units] 100000/998042 encoded (0s)
    [sub-units] 120000/998042 encoded (1s)
    [sub-units] 140000/998042 encoded (1s)
    [sub-units] 160000/998042 encoded (1s)
    [sub-units] 180000/998042 encoded (1s)
    [sub-units] 200000/998042 encoded (1s)
    [sub-units] 220000/998042 encoded (1s)
    [sub-units] 240000/998042 encoded (1s)
    [sub-units] 260000/998042 encoded (1s)
    [sub-units] 280000/998042 encoded (1s)
    [sub-units] 300000/998042 encoded (1s)
    [sub-units] 320000/998042 encoded (1s)
    [sub-units] 340000/998042 encoded (2s)
    [sub-units] 360000/998042 encoded (2s)
    [sub-units] 380000/998042 encoded (2s)
    [sub-units] 400000/998042 encoded (2s)
    [sub-units] 420000/998042 encoded (2s)
    [sub-units] 440000/998042 encoded (2s)
    [sub-units] 460000/998042 encoded (2s)
    [sub-units] 480000/998042 encoded (2s)
    [sub-units] 500000/998042 encoded (2s)
    [sub-units] 520000/998042 encoded (2s)
    [sub-units] 540000/998042 encoded (2s)
    [sub-units] 560000/998042 encoded (2s)
    [sub-units] 580000/998042 encoded (3s)
    [sub-units] 600000/998042 encoded (3s)
    [sub-units] 620000/998042 encoded (3s)
    [sub-units] 640000/998042 encoded (3s)
    [sub-units] 660000/998042 encoded (3s)
    [sub-units] 680000/998042 encoded (3s)
    [sub-units] 700000/998042 encoded (3s)
    [sub-units] 720000/998042 encoded (3s)
    [sub-units] 740000/998042 encoded (3s)
    [sub-units] 760000/998042 encoded (3s)
    [sub-units] 780000/998042 encoded (3s)
    [sub-units] 800000/998042 encoded (4s)
    [sub-units] 820000/998042 encoded (4s)
    [sub-units] 840000/998042 encoded (4s)
    [sub-units] 860000/998042 encoded (4s)
    [sub-units] 880000/998042 encoded (4s)
    [sub-units] 900000/998042 encoded (4s)
    [sub-units] 920000/998042 encoded (4s)
    [sub-units] 940000/998042 encoded (4s)
    [sub-units] 960000/998042 encoded (5s)
    [sub-units] 980000/998042 encoded (5s)
    [sub-units] 998042/998042 encoded (5s)
[part1] lme: 500 questions over 19829 containers, budgets [4000, 8000]
Token indices sequence length is longer than the specified maximum sequence length for this model (519 > 512). Running this sequence through the model will result in indexing errors
Direct use of automatic function calling (AFC) in Models.generate_content is not recommended. Instead, we recommend to use AFC in Chat.send_message. Similarly, direct use of AFC in Models.generate_content_stream is not recommended. Instead, we recommend to use AFC in Chat.send_message_stream.
[part1]   10/500 questions retrieved (12s, USD 0.0001)
[part1]   20/500 questions retrieved (22s, USD 0.0003)
[part1]   30/500 questions retrieved (32s, USD 0.0005)
[part1]   40/500 questions retrieved (43s, USD 0.0007)
[part1]   50/500 questions retrieved (52s, USD 0.0009)
[part1]   60/500 questions retrieved (60s, USD 0.0011)
[part1]   70/500 questions retrieved (68s, USD 0.0013)
[part1]   80/500 questions retrieved (76s, USD 0.0015)
[part1]   90/500 questions retrieved (84s, USD 0.0017)
[part1]   100/500 questions retrieved (92s, USD 0.0019)
[part1]   110/500 questions retrieved (108s, USD 0.0022)
[part1]   120/500 questions retrieved (157s, USD 0.0024)
[part1]   130/500 questions retrieved (311s, USD 0.0026)
[part1]   140/500 questions retrieved (401s, USD 0.0028)
[part1]   150/500 questions retrieved (464s, USD 0.0030)
[part1]   160/500 questions retrieved (473s, USD 0.0032)
[part1]   170/500 questions retrieved (482s, USD 0.0034)
[part1]   180/500 questions retrieved (490s, USD 0.0036)
[part1]   190/500 questions retrieved (501s, USD 0.0038)
[part1]   200/500 questions retrieved (510s, USD 0.0040)
[part1]   210/500 questions retrieved (520s, USD 0.0042)
[part1]   220/500 questions retrieved (530s, USD 0.0044)
[part1]   230/500 questions retrieved (540s, USD 0.0046)
[part1]   240/500 questions retrieved (549s, USD 0.0048)
[part1]   250/500 questions retrieved (558s, USD 0.0050)
[part1]   260/500 questions retrieved (568s, USD 0.0052)
[part1]   270/500 questions retrieved (578s, USD 0.0054)
[part1]   280/500 questions retrieved (588s, USD 0.0056)
[part1]   290/500 questions retrieved (597s, USD 0.0058)
[part1]   300/500 questions retrieved (605s, USD 0.0060)
[part1]   310/500 questions retrieved (613s, USD 0.0063)
[part1]   320/500 questions retrieved (621s, USD 0.0065)
[part1]   330/500 questions retrieved (630s, USD 0.0067)
[part1]   340/500 questions retrieved (639s, USD 0.0069)
[part1]   350/500 questions retrieved (649s, USD 0.0071)
[part1]   360/500 questions retrieved (658s, USD 0.0073)
[part1]   370/500 questions retrieved (667s, USD 0.0075)
[part1]   380/500 questions retrieved (675s, USD 0.0077)
[part1]   390/500 questions retrieved (686s, USD 0.0079)
[part1]   400/500 questions retrieved (697s, USD 0.0081)
[part1]   410/500 questions retrieved (705s, USD 0.0083)
[part1]   420/500 questions retrieved (712s, USD 0.0085)
[part1]   430/500 questions retrieved (722s, USD 0.0087)
[part1]   440/500 questions retrieved (730s, USD 0.0089)
[part1]   450/500 questions retrieved (738s, USD 0.0091)
[part1]   460/500 questions retrieved (746s, USD 0.0093)
[part1]   470/500 questions retrieved (754s, USD 0.0095)
[part1]   480/500 questions retrieved (762s, USD 0.0097)
[part1]   490/500 questions retrieved (772s, USD 0.0099)
[part1]   500/500 questions retrieved (783s, USD 0.0101)
[part1] retrieve written to results/part1/lme/retrieve in 13.8 min, USD 0.0101
[part1]   4000 ours_cheap             joint_recall 0.9382978723404255  n 470
[part1]   4000 ours_cheap_norule      joint_recall 0.8  n 470
[part1]   4000 ours_sentence_norule   joint_recall 0.823404255319149  n 470
[part1]   4000 S5_noPGR               joint_recall 0.9404255319148936  n 470
[part1]   8000 ours_cheap             joint_recall 0.9574468085106383  n 470
[part1]   8000 ours_cheap_norule      joint_recall 0.8680851063829788  n 470
[part1]   8000 ours_sentence_norule   joint_recall 0.8787234042553191  n 470
[part1]   8000 S5_noPGR               joint_recall 0.948936170212766  n 470
