Token indices sequence length is longer than the specified maximum sequence length for this model (685 > 512). Running this sequence through the model will result in indexing errors
[mcb] part1_retrieve at 09925ad seed=13 threads=1
    [chunks] 3376/3376 encoded (0s)
    [sentences] 20000/57073 encoded (0s)
    [sentences] 40000/57073 encoded (0s)
    [sentences] 57073/57073 encoded (1s)
[part1] mhrag: 2556 questions over 609 containers, budgets [4000, 8000]
[part1]   10/2556 questions retrieved (11s, USD 0.0000)
[part1]   20/2556 questions retrieved (24s, USD 0.0000)
[part1]   30/2556 questions retrieved (36s, USD 0.0000)
[part1]   40/2556 questions retrieved (46s, USD 0.0000)
[part1]   50/2556 questions retrieved (57s, USD 0.0000)
[part1]   60/2556 questions retrieved (65s, USD 0.0000)
[part1]   70/2556 questions retrieved (74s, USD 0.0000)
[part1]   80/2556 questions retrieved (85s, USD 0.0000)
[part1]   90/2556 questions retrieved (96s, USD 0.0000)
[part1]   100/2556 questions retrieved (108s, USD 0.0000)
[part1]   110/2556 questions retrieved (121s, USD 0.0000)
[part1]   120/2556 questions retrieved (135s, USD 0.0000)
[part1]   130/2556 questions retrieved (148s, USD 0.0000)
[part1]   140/2556 questions retrieved (161s, USD 0.0000)
[part1]   150/2556 questions retrieved (175s, USD 0.0000)
[part1]   160/2556 questions retrieved (188s, USD 0.0000)
[part1]   170/2556 questions retrieved (206s, USD 0.0000)
[part1]   180/2556 questions retrieved (224s, USD 0.0000)
[part1]   190/2556 questions retrieved (237s, USD 0.0000)
[part1]   200/2556 questions retrieved (251s, USD 0.0000)
[part1]   210/2556 questions retrieved (265s, USD 0.0000)
[part1]   220/2556 questions retrieved (278s, USD 0.0000)
[part1]   230/2556 questions retrieved (288s, USD 0.0000)
[part1]   240/2556 questions retrieved (298s, USD 0.0000)
[part1]   250/2556 questions retrieved (307s, USD 0.0000)
[part1]   260/2556 questions retrieved (317s, USD 0.0000)
[part1]   270/2556 questions retrieved (328s, USD 0.0000)
[part1]   280/2556 questions retrieved (341s, USD 0.0000)
[part1]   290/2556 questions retrieved (350s, USD 0.0000)
[part1]   300/2556 questions retrieved (358s, USD 0.0000)
[part1]   310/2556 questions retrieved (369s, USD 0.0000)
[part1]   320/2556 questions retrieved (377s, USD 0.0000)
[part1]   330/2556 questions retrieved (387s, USD 0.0000)
[part1]   340/2556 questions retrieved (400s, USD 0.0000)
[part1]   350/2556 questions retrieved (410s, USD 0.0000)
[part1]   360/2556 questions retrieved (424s, USD 0.0000)
[part1]   370/2556 questions retrieved (437s, USD 0.0000)
[part1]   380/2556 questions retrieved (450s, USD 0.0000)
[part1]   390/2556 questions retrieved (459s, USD 0.0000)
[part1]   400/2556 questions retrieved (468s, USD 0.0000)
[part1]   410/2556 questions retrieved (474s, USD 0.0000)
[part1]   420/2556 questions retrieved (480s, USD 0.0000)
[part1]   430/2556 questions retrieved (487s, USD 0.0000)
[part1]   440/2556 questions retrieved (496s, USD 0.0000)
[part1]   450/2556 questions retrieved (509s, USD 0.0000)
[part1]   460/2556 questions retrieved (517s, USD 0.0000)
[part1]   470/2556 questions retrieved (525s, USD 0.0000)
[part1]   480/2556 questions retrieved (531s, USD 0.0000)
[part1]   490/2556 questions retrieved (542s, USD 0.0000)
[part1]   500/2556 questions retrieved (551s, USD 0.0000)
[part1]   510/2556 questions retrieved (562s, USD 0.0000)
[part1]   520/2556 questions retrieved (571s, USD 0.0000)
[part1]   530/2556 questions retrieved (578s, USD 0.0000)
[part1]   540/2556 questions retrieved (585s, USD 0.0000)
[part1]   550/2556 questions retrieved (591s, USD 0.0000)
[part1]   560/2556 questions retrieved (600s, USD 0.0000)
[part1]   570/2556 questions retrieved (609s, USD 0.0000)
[part1]   580/2556 questions retrieved (617s, USD 0.0000)
[part1]   590/2556 questions retrieved (627s, USD 0.0000)
[part1]   600/2556 questions retrieved (640s, USD 0.0000)
[part1]   610/2556 questions retrieved (654s, USD 0.0000)
[part1]   620/2556 questions retrieved (666s, USD 0.0000)
Direct use of automatic function calling (AFC) in Models.generate_content is not recommended. Instead, we recommend to use AFC in Chat.send_message. Similarly, direct use of AFC in Models.generate_content_stream is not recommended. Instead, we recommend to use AFC in Chat.send_message_stream.
[part1]   630/2556 questions retrieved (726s, USD 0.0008)
[part1]   640/2556 questions retrieved (835s, USD 0.0032)
[part1]   650/2556 questions retrieved (942s, USD 0.0057)
[part1]   660/2556 questions retrieved (1046s, USD 0.0082)
[part1]   670/2556 questions retrieved (1148s, USD 0.0108)
[part1]   680/2556 questions retrieved (1242s, USD 0.0132)
[part1]   690/2556 questions retrieved (1342s, USD 0.0155)
[part1]   700/2556 questions retrieved (1449s, USD 0.0180)
[part1]   710/2556 questions retrieved (1560s, USD 0.0207)
[part1]   720/2556 questions retrieved (1671s, USD 0.0235)
[part1]   730/2556 questions retrieved (1775s, USD 0.0259)
[part1]   740/2556 questions retrieved (1889s, USD 0.0287)
[part1]   750/2556 questions retrieved (1994s, USD 0.0313)
[part1]   760/2556 questions retrieved (2107s, USD 0.0340)
[part1]   770/2556 questions retrieved (2218s, USD 0.0368)
[part1]   780/2556 questions retrieved (2329s, USD 0.0396)
[part1]   790/2556 questions retrieved (2433s, USD 0.0421)
[part1]   800/2556 questions retrieved (2565s, USD 0.0448)
[part1]   810/2556 questions retrieved (2675s, USD 0.0473)
[part1]   820/2556 questions retrieved (2791s, USD 0.0500)
[part1]   830/2556 questions retrieved (2894s, USD 0.0524)
[part1]   840/2556 questions retrieved (3013s, USD 0.0551)
[part1]   850/2556 questions retrieved (3126s, USD 0.0577)
[part1]   860/2556 questions retrieved (3234s, USD 0.0603)
[part1]   870/2556 questions retrieved (3347s, USD 0.0629)
[part1]   880/2556 questions retrieved (3463s, USD 0.0655)
[part1]   890/2556 questions retrieved (3567s, USD 0.0678)
[part1]   900/2556 questions retrieved (3668s, USD 0.0702)
[part1]   910/2556 questions retrieved (3782s, USD 0.0726)
[part1]   920/2556 questions retrieved (3897s, USD 0.0753)
[part1]   930/2556 questions retrieved (4019s, USD 0.0777)
[part1]   940/2556 questions retrieved (4138s, USD 0.0804)
[part1]   950/2556 questions retrieved (4254s, USD 0.0831)
[part1]   960/2556 questions retrieved (4370s, USD 0.0854)
[part1]   970/2556 questions retrieved (4476s, USD 0.0878)
[part1]   980/2556 questions retrieved (4580s, USD 0.0902)
[part1]   990/2556 questions retrieved (4682s, USD 0.0925)
[part1]   1000/2556 questions retrieved (4783s, USD 0.0951)
[part1]   1010/2556 questions retrieved (4898s, USD 0.0973)
[part1]   1020/2556 questions retrieved (5011s, USD 0.1003)
[part1]   1030/2556 questions retrieved (5124s, USD 0.1030)
[part1]   1040/2556 questions retrieved (5226s, USD 0.1054)
[part1]   1050/2556 questions retrieved (5337s, USD 0.1083)
[part1]   1060/2556 questions retrieved (5454s, USD 0.1108)
[part1]   1070/2556 questions retrieved (5551s, USD 0.1130)
[part1]   1080/2556 questions retrieved (5649s, USD 0.1153)
[part1]   1090/2556 questions retrieved (5761s, USD 0.1180)
[part1]   1100/2556 questions retrieved (5886s, USD 0.1209)
[part1]   1110/2556 questions retrieved (5982s, USD 0.1230)
[part1]   1120/2556 questions retrieved (6118s, USD 0.1258)
[part1]   1130/2556 questions retrieved (6222s, USD 0.1282)
[part1]   1140/2556 questions retrieved (6332s, USD 0.1307)
[part1]   1150/2556 questions retrieved (6446s, USD 0.1334)
[part1]   1160/2556 questions retrieved (6561s, USD 0.1364)
[part1]   1170/2556 questions retrieved (6674s, USD 0.1388)
[part1]   1180/2556 questions retrieved (6786s, USD 0.1413)
[part1]   1190/2556 questions retrieved (6903s, USD 0.1439)
[part1]   1200/2556 questions retrieved (7011s, USD 0.1463)
[part1]   1210/2556 questions retrieved (7125s, USD 0.1490)
[part1]   1220/2556 questions retrieved (7249s, USD 0.1518)
[part1]   1230/2556 questions retrieved (7358s, USD 0.1545)
[part1]   1240/2556 questions retrieved (7464s, USD 0.1571)
[part1]   1250/2556 questions retrieved (7584s, USD 0.1594)
[part1]   1260/2556 questions retrieved (7689s, USD 0.1619)
[part1]   1270/2556 questions retrieved (7796s, USD 0.1646)
[part1]   1280/2556 questions retrieved (7909s, USD 0.1670)
[part1]   1290/2556 questions retrieved (8018s, USD 0.1694)
[part1]   1300/2556 questions retrieved (8124s, USD 0.1718)
[part1]   1310/2556 questions retrieved (8229s, USD 0.1742)
[part1]   1320/2556 questions retrieved (8335s, USD 0.1764)
[part1]   1330/2556 questions retrieved (8439s, USD 0.1788)
[part1]   1340/2556 questions retrieved (8541s, USD 0.1812)
[part1]   1350/2556 questions retrieved (8654s, USD 0.1837)
[part1]   1360/2556 questions retrieved (8765s, USD 0.1861)
[part1]   1370/2556 questions retrieved (8875s, USD 0.1886)
[part1]   1380/2556 questions retrieved (8985s, USD 0.1911)
[part1]   1390/2556 questions retrieved (9101s, USD 0.1937)
[part1]   1400/2556 questions retrieved (9224s, USD 0.1965)
[part1]   1410/2556 questions retrieved (9337s, USD 0.1989)
[part1]   1420/2556 questions retrieved (9455s, USD 0.2016)
[part1]   1430/2556 questions retrieved (9571s, USD 0.2040)
[part1]   1440/2556 questions retrieved (9687s, USD 0.2066)
[part1]   1450/2556 questions retrieved (9787s, USD 0.2088)
[part1]   1460/2556 questions retrieved (9885s, USD 0.2112)
[part1]   1470/2556 questions retrieved (10003s, USD 0.2139)
[part1]   1480/2556 questions retrieved (10108s, USD 0.2164)
[part1]   1490/2556 questions retrieved (10214s, USD 0.2190)
[part1]   1500/2556 questions retrieved (10328s, USD 0.2216)
[part1]   1510/2556 questions retrieved (10434s, USD 0.2241)
[part1]   1520/2556 questions retrieved (10552s, USD 0.2266)
[part1]   1530/2556 questions retrieved (10669s, USD 0.2291)
[part1]   1540/2556 questions retrieved (10768s, USD 0.2315)
[part1]   1550/2556 questions retrieved (10871s, USD 0.2341)
[part1]   1560/2556 questions retrieved (10969s, USD 0.2364)
[part1]   1570/2556 questions retrieved (11068s, USD 0.2388)
[part1]   1580/2556 questions retrieved (11164s, USD 0.2409)
[part1]   1590/2556 questions retrieved (11268s, USD 0.2435)
[part1]   1600/2556 questions retrieved (11372s, USD 0.2461)
[part1]   1610/2556 questions retrieved (11472s, USD 0.2484)
[part1]   1620/2556 questions retrieved (11575s, USD 0.2509)
[part1]   1630/2556 questions retrieved (11675s, USD 0.2534)
[part1]   1640/2556 questions retrieved (11776s, USD 0.2559)
[part1]   1650/2556 questions retrieved (11873s, USD 0.2582)
[part1]   1660/2556 questions retrieved (11976s, USD 0.2608)
[part1]   1670/2556 questions retrieved (12081s, USD 0.2634)
[part1]   1680/2556 questions retrieved (12178s, USD 0.2657)
[part1]   1690/2556 questions retrieved (12286s, USD 0.2681)
[part1]   1700/2556 questions retrieved (12394s, USD 0.2707)
[part1]   1710/2556 questions retrieved (12494s, USD 0.2731)
[part1]   1720/2556 questions retrieved (12599s, USD 0.2754)
[part1]   1730/2556 questions retrieved (12705s, USD 0.2782)
[part1]   1740/2556 questions retrieved (12808s, USD 0.2809)
[part1]   1750/2556 questions retrieved (12910s, USD 0.2835)
[part1]   1760/2556 questions retrieved (13010s, USD 0.2861)
[part1]   1770/2556 questions retrieved (13115s, USD 0.2887)
[part1]   1780/2556 questions retrieved (13220s, USD 0.2914)
[part1]   1790/2556 questions retrieved (13342s, USD 0.2940)
[part1]   1800/2556 questions retrieved (13439s, USD 0.2963)
[part1]   1810/2556 questions retrieved (13548s, USD 0.2988)
[part1]   1820/2556 questions retrieved (13654s, USD 0.3014)
[part1]   1830/2556 questions retrieved (13755s, USD 0.3038)
[part1]   1840/2556 questions retrieved (13856s, USD 0.3064)
[part1]   1850/2556 questions retrieved (13957s, USD 0.3090)
[part1]   1860/2556 questions retrieved (14067s, USD 0.3116)
[part1]   1870/2556 questions retrieved (14177s, USD 0.3142)
[part1]   1880/2556 questions retrieved (14279s, USD 0.3167)
[part1]   1890/2556 questions retrieved (14389s, USD 0.3194)
[part1]   1900/2556 questions retrieved (14497s, USD 0.3221)
[part1]   1910/2556 questions retrieved (14600s, USD 0.3249)
[part1]   1920/2556 questions retrieved (14702s, USD 0.3275)
[part1]   1930/2556 questions retrieved (14808s, USD 0.3300)
[part1]   1940/2556 questions retrieved (14909s, USD 0.3325)
[part1]   1950/2556 questions retrieved (15009s, USD 0.3349)
[part1]   1960/2556 questions retrieved (15118s, USD 0.3377)
[part1]   1970/2556 questions retrieved (15221s, USD 0.3405)
[part1]   1980/2556 questions retrieved (15331s, USD 0.3431)
[part1]   1990/2556 questions retrieved (15433s, USD 0.3455)
[part1]   2000/2556 questions retrieved (15535s, USD 0.3482)
[part1]   2010/2556 questions retrieved (15634s, USD 0.3507)
[part1]   2020/2556 questions retrieved (15733s, USD 0.3532)
[part1]   2030/2556 questions retrieved (15845s, USD 0.3558)
[part1]   2040/2556 questions retrieved (15945s, USD 0.3583)
[part1]   2050/2556 questions retrieved (16038s, USD 0.3609)
[part1]   2060/2556 questions retrieved (16129s, USD 0.3631)
[part1]   2070/2556 questions retrieved (16230s, USD 0.3657)
[part1]   2080/2556 questions retrieved (16332s, USD 0.3684)
[part1]   2090/2556 questions retrieved (16433s, USD 0.3710)
[part1]   2100/2556 questions retrieved (16540s, USD 0.3735)
[part1]   2110/2556 questions retrieved (16641s, USD 0.3761)
[part1]   2120/2556 questions retrieved (16744s, USD 0.3788)
[part1]   2130/2556 questions retrieved (16852s, USD 0.3816)
[part1]   2140/2556 questions retrieved (16963s, USD 0.3842)
[part1]   2150/2556 questions retrieved (17063s, USD 0.3869)
[part1]   2160/2556 questions retrieved (17172s, USD 0.3895)
[part1]   2170/2556 questions retrieved (17276s, USD 0.3922)
[part1]   2180/2556 questions retrieved (17382s, USD 0.3949)
[part1]   2190/2556 questions retrieved (17480s, USD 0.3975)
[part1]   2200/2556 questions retrieved (17595s, USD 0.3999)
[part1]   2210/2556 questions retrieved (17695s, USD 0.4024)
[part1]   2220/2556 questions retrieved (17796s, USD 0.4048)
[part1]   2230/2556 questions retrieved (17900s, USD 0.4073)
[part1]   2240/2556 questions retrieved (18001s, USD 0.4099)
[part1]   2250/2556 questions retrieved (18101s, USD 0.4126)
[part1]   2260/2556 questions retrieved (18194s, USD 0.4147)
[part1]   2270/2556 questions retrieved (18302s, USD 0.4173)
[part1]   2280/2556 questions retrieved (18392s, USD 0.4194)
[part1]   2290/2556 questions retrieved (18497s, USD 0.4223)
[part1]   2300/2556 questions retrieved (18598s, USD 0.4246)
[part1]   2310/2556 questions retrieved (18702s, USD 0.4272)
[part1]   2320/2556 questions retrieved (18803s, USD 0.4296)
[part1]   2330/2556 questions retrieved (18901s, USD 0.4322)
[part1]   2340/2556 questions retrieved (19000s, USD 0.4347)
[part1]   2350/2556 questions retrieved (19099s, USD 0.4371)
[part1]   2360/2556 questions retrieved (19201s, USD 0.4396)
[part1]   2370/2556 questions retrieved (19304s, USD 0.4424)
[part1]   2380/2556 questions retrieved (19406s, USD 0.4448)
[part1]   2390/2556 questions retrieved (19506s, USD 0.4473)
[part1]   2400/2556 questions retrieved (19606s, USD 0.4498)
[part1]   2410/2556 questions retrieved (19711s, USD 0.4524)
[part1]   2420/2556 questions retrieved (19813s, USD 0.4549)
[part1]   2430/2556 questions retrieved (19916s, USD 0.4577)
[part1]   2440/2556 questions retrieved (20013s, USD 0.4601)
[part1]   2450/2556 questions retrieved (20113s, USD 0.4626)
[part1]   2460/2556 questions retrieved (20220s, USD 0.4652)
[part1]   2470/2556 questions retrieved (20333s, USD 0.4676)
[part1]   2480/2556 questions retrieved (20432s, USD 0.4698)
[part1]   2490/2556 questions retrieved (20533s, USD 0.4723)
[part1]   2500/2556 questions retrieved (20629s, USD 0.4747)
[part1]   2510/2556 questions retrieved (20740s, USD 0.4773)
[part1]   2520/2556 questions retrieved (20838s, USD 0.4797)
[part1]   2530/2556 questions retrieved (20946s, USD 0.4822)
[part1]   2540/2556 questions retrieved (21052s, USD 0.4848)
[part1]   2550/2556 questions retrieved (21157s, USD 0.4874)
[part1]   2556/2556 questions retrieved (21233s, USD 0.4892)
[part1] retrieve written to results/part1/mhrag/retrieve in 355.2 min, USD 0.4892
[part1]   4000 ours_cheap             fact_joint_recall 0.25543237250554324  n 2255
[part1]   4000 S4_static              fact_joint_recall 0.18536585365853658  n 2255
[part1]   4000 S5_primary             fact_joint_recall 0.1361419068736142  n 2255
[part1]   4000 S5_noPGR               fact_joint_recall 0.1361419068736142  n 2255
[part1]   4000 S5_planner_rules       fact_joint_recall 0.20532150776053215  n 2255
[part1]   4000 S5_planner_oracle      fact_joint_recall 0.15077605321507762  n 2255
[part1]   4000 S5_overlay_R0          fact_joint_recall 0.15299334811529933  n 2255
[part1]   4000 S5_overlay_R2          fact_joint_recall 0.14545454545454545  n 2255
[part1]   4000 S5_overlay_P0          fact_joint_recall 0.13481152993348117  n 2255
[part1]   4000 S2_lazy                fact_joint_recall 0.20532150776053215  n 2255
[part1]   8000 ours_cheap             fact_joint_recall 0.4199556541019956  n 2255
[part1]   8000 S4_static              fact_joint_recall 0.3605321507760532  n 2255
[part1]   8000 S5_primary             fact_joint_recall 0.28337028824833704  n 2255
[part1]   8000 S5_noPGR               fact_joint_recall 0.28337028824833704  n 2255
[part1]   8000 S5_planner_rules       fact_joint_recall 0.34456762749445674  n 2255
[part1]   8000 S5_planner_oracle      fact_joint_recall 0.30598669623059865  n 2255
[part1]   8000 S5_overlay_R0          fact_joint_recall 0.2984478935698448  n 2255
[part1]   8000 S5_overlay_R2          fact_joint_recall 0.29046563192904656  n 2255
[part1]   8000 S5_overlay_P0          fact_joint_recall 0.2709534368070953  n 2255
[part1]   8000 S2_lazy                fact_joint_recall 0.3694013303769401  n 2255
