{"dataset": "musique", "stage": "retrieve", "exit_code": 0, "paid_jobs_blocked": false}
{"dataset": "locomo", "stage": "retrieve", "exit_code": 0, "paid_jobs_blocked": false}
{"dataset": "2wikimultihopqa", "stage": "retrieve", "exit_code": 0, "paid_jobs_blocked": false}
{"dataset": "musique", "stage": "qa", "exit_code": 0, "paid_jobs_blocked": false}
{"dataset": "longmemeval_oracle", "stage": "retrieve", "exit_code": 0, "paid_jobs_blocked": false}
{"dataset": "locomo", "stage": "qa", "exit_code": 0, "paid_jobs_blocked": false}
{"dataset": "2wikimultihopqa", "stage": "qa", "exit_code": 0, "paid_jobs_blocked": false}
{"dataset": "multihoprag", "stage": "retrieve", "exit_code": 0, "paid_jobs_blocked": false}
{"dataset": "longmemeval_s", "stage": "retrieve", "exit_code": 0, "paid_jobs_blocked": false}
{"dataset": "longmemeval_oracle", "stage": "qa", "exit_code": 0, "paid_jobs_blocked": false}
{"dataset": "factconsolidation_sh_6k", "stage": "retrieve", "exit_code": 0, "paid_jobs_blocked": false}
{"dataset": "factconsolidation_mh_6k", "stage": "retrieve", "exit_code": 0, "paid_jobs_blocked": false}
{"dataset": "factconsolidation_sh_32k", "stage": "retrieve", "exit_code": 0, "paid_jobs_blocked": false}
{"dataset": "factconsolidation_mh_32k", "stage": "retrieve", "exit_code": 0, "paid_jobs_blocked": false}
{"dataset": "factconsolidation_mh_64k", "stage": "retrieve", "exit_code": 0, "paid_jobs_blocked": false}
{"dataset": "factconsolidation_sh_64k", "stage": "retrieve", "exit_code": 0, "paid_jobs_blocked": false}
{"dataset": "factconsolidation_mh_262k", "stage": "retrieve", "exit_code": 0, "paid_jobs_blocked": false}
{"dataset": "factconsolidation_sh_262k", "stage": "retrieve", "exit_code": 0, "paid_jobs_blocked": false}
{"dataset": "multihoprag", "stage": "qa", "exit_code": 0, "paid_jobs_blocked": false}
{"dataset": "longmemeval_s", "stage": "qa", "exit_code": 0, "paid_jobs_blocked": false}
{"dataset": "factconsolidation_sh_6k", "stage": "qa", "exit_code": 0, "paid_jobs_blocked": false}
{"dataset": "factconsolidation_mh_6k", "stage": "qa", "exit_code": 0, "paid_jobs_blocked": false}
{"dataset": "factconsolidation_sh_32k", "stage": "qa", "exit_code": 0, "paid_jobs_blocked": false}
{"dataset": "factconsolidation_mh_32k", "stage": "qa", "exit_code": 0, "paid_jobs_blocked": false}
{"dataset": "factconsolidation_mh_64k", "stage": "qa", "exit_code": 0, "paid_jobs_blocked": false}
{"dataset": "factconsolidation_sh_64k", "stage": "qa", "exit_code": 0, "paid_jobs_blocked": false}
{"dataset": "personamem_v2_32k", "stage": "retrieve", "exit_code": 0, "paid_jobs_blocked": false}
{"dataset": "factconsolidation_mh_262k", "stage": "qa", "exit_code": 0, "paid_jobs_blocked": false}
{"dataset": "factconsolidation_sh_262k", "stage": "qa", "exit_code": 0, "paid_jobs_blocked": false}
{"dataset": "beam_100k", "stage": "retrieve", "exit_code": 0, "paid_jobs_blocked": false}
{"dataset": "personamem_v2_128k", "stage": "retrieve", "exit_code": 0, "paid_jobs_blocked": false}
{"dataset": "beam_500k", "stage": "retrieve", "exit_code": 0, "paid_jobs_blocked": false}
{"dataset": "beam_1m", "stage": "retrieve", "exit_code": 0, "paid_jobs_blocked": false}
{"dataset": "personamem_v2_32k", "stage": "qa", "exit_code": 0, "paid_jobs_blocked": false}
{"dataset": "beam_100k", "stage": "qa", "exit_code": 0, "paid_jobs_blocked": false}
{"dataset": "personamem_v2_128k", "stage": "qa", "exit_code": 0, "paid_jobs_blocked": false}
{"dataset": "beam_500k", "stage": "qa", "exit_code": 0, "paid_jobs_blocked": false}
{"dataset": "beam_1m", "stage": "qa", "exit_code": 0, "paid_jobs_blocked": false}
{"dataset": "beam_1m", "stage": "report", "exit_code": 0, "paid_jobs_blocked": false}
