{"dataset": "locomo", "stage": "prepare", "done": 11, "total": 100}
{"dataset": "locomo", "stage": "prepare", "done": 17, "total": 100}
{"dataset": "locomo", "stage": "prepare", "done": 25, "total": 100}
{"dataset": "locomo", "stage": "prepare", "done": 32, "total": 100}
{"dataset": "locomo", "stage": "prepare", "done": 43, "total": 100}
{"dataset": "locomo", "stage": "prepare", "done": 48, "total": 100}
{"dataset": "locomo", "stage": "prepare", "done": 62, "total": 100}
{"dataset": "locomo", "stage": "prepare", "done": 77, "total": 100}
{"dataset": "locomo", "stage": "prepare", "done": 89, "total": 100}
{"dataset": "locomo", "stage": "prepare", "done": 100, "total": 100}
{"dataset": "locomo", "arm": "B", "status": "complete", "questions": 100}
{"dataset": "locomo", "arm": "C", "status": "complete", "questions": 100}
{"dataset": "locomo", "arm": "D", "status": "complete", "questions": 100}
{"dataset": "musique", "stage": "prepare", "done": 100, "total": 100}
{"dataset": "musique", "arm": "B", "status": "complete", "questions": 100}
{"dataset": "musique", "arm": "C", "status": "complete", "questions": 100}
{"dataset": "musique", "arm": "D", "status": "complete", "questions": 100}
Token indices sequence length is longer than the specified maximum sequence length for this model (748 > 512). Running this sequence through the model will result in indexing errors
{"dataset": "2wikimultihopqa", "stage": "prepare", "done": 100, "total": 100}
{"dataset": "2wikimultihopqa", "arm": "B", "status": "complete", "questions": 100}
{"dataset": "2wikimultihopqa", "arm": "C", "status": "complete", "questions": 100}
{"dataset": "2wikimultihopqa", "arm": "D", "status": "complete", "questions": 100}
{"dataset": "longmemeval_s", "stage": "prepare", "done": 1, "total": 100}
{"dataset": "longmemeval_s", "stage": "prepare", "done": 2, "total": 100}
{"dataset": "longmemeval_s", "stage": "prepare", "done": 3, "total": 100}
{"dataset": "longmemeval_s", "stage": "prepare", "done": 4, "total": 100}
{"dataset": "longmemeval_s", "stage": "prepare", "done": 5, "total": 100}
{"dataset": "longmemeval_s", "stage": "prepare", "done": 6, "total": 100}
{"dataset": "longmemeval_s", "stage": "prepare", "done": 7, "total": 100}
{"dataset": "longmemeval_s", "stage": "prepare", "done": 8, "total": 100}
{"dataset": "longmemeval_s", "stage": "prepare", "done": 9, "total": 100}
{"dataset": "longmemeval_s", "stage": "prepare", "done": 10, "total": 100}
{"dataset": "longmemeval_s", "stage": "prepare", "done": 11, "total": 100}
{"dataset": "longmemeval_s", "stage": "prepare", "done": 12, "total": 100}
{"dataset": "longmemeval_s", "stage": "prepare", "done": 13, "total": 100}
{"dataset": "longmemeval_s", "stage": "prepare", "done": 14, "total": 100}
{"dataset": "longmemeval_s", "stage": "prepare", "done": 15, "total": 100}
{"dataset": "longmemeval_s", "stage": "prepare", "done": 16, "total": 100}
{"dataset": "longmemeval_s", "stage": "prepare", "done": 17, "total": 100}
{"dataset": "longmemeval_s", "stage": "prepare", "done": 18, "total": 100}
{"dataset": "longmemeval_s", "stage": "prepare", "done": 19, "total": 100}
{"dataset": "longmemeval_s", "stage": "prepare", "done": 20, "total": 100}
{"dataset": "longmemeval_s", "stage": "prepare", "done": 21, "total": 100}
{"dataset": "longmemeval_s", "stage": "prepare", "done": 22, "total": 100}
{"dataset": "longmemeval_s", "stage": "prepare", "done": 23, "total": 100}
{"dataset": "longmemeval_s", "stage": "prepare", "done": 24, "total": 100}
{"dataset": "longmemeval_s", "stage": "prepare", "done": 25, "total": 100}
{"dataset": "longmemeval_s", "stage": "prepare", "done": 26, "total": 100}
{"dataset": "longmemeval_s", "stage": "prepare", "done": 27, "total": 100}
{"dataset": "longmemeval_s", "stage": "prepare", "done": 28, "total": 100}
{"dataset": "longmemeval_s", "stage": "prepare", "done": 29, "total": 100}
{"dataset": "longmemeval_s", "stage": "prepare", "done": 30, "total": 100}
{"dataset": "longmemeval_s", "stage": "prepare", "done": 31, "total": 100}
{"dataset": "longmemeval_s", "stage": "prepare", "done": 32, "total": 100}
{"dataset": "longmemeval_s", "stage": "prepare", "done": 33, "total": 100}
{"dataset": "longmemeval_s", "stage": "prepare", "done": 34, "total": 100}
{"dataset": "longmemeval_s", "stage": "prepare", "done": 35, "total": 100}
{"dataset": "longmemeval_s", "stage": "prepare", "done": 36, "total": 100}
{"dataset": "longmemeval_s", "stage": "prepare", "done": 37, "total": 100}
{"dataset": "longmemeval_s", "stage": "prepare", "done": 38, "total": 100}
{"dataset": "longmemeval_s", "stage": "prepare", "done": 39, "total": 100}
{"dataset": "longmemeval_s", "stage": "prepare", "done": 40, "total": 100}
{"dataset": "longmemeval_s", "stage": "prepare", "done": 41, "total": 100}
{"dataset": "longmemeval_s", "stage": "prepare", "done": 42, "total": 100}
{"dataset": "longmemeval_s", "stage": "prepare", "done": 43, "total": 100}
{"dataset": "longmemeval_s", "stage": "prepare", "done": 44, "total": 100}
{"dataset": "longmemeval_s", "stage": "prepare", "done": 45, "total": 100}
{"dataset": "longmemeval_s", "stage": "prepare", "done": 46, "total": 100}
{"dataset": "longmemeval_s", "stage": "prepare", "done": 47, "total": 100}
{"dataset": "longmemeval_s", "stage": "prepare", "done": 48, "total": 100}
{"dataset": "longmemeval_s", "stage": "prepare", "done": 49, "total": 100}
{"dataset": "longmemeval_s", "stage": "prepare", "done": 50, "total": 100}
{"dataset": "longmemeval_s", "stage": "prepare", "done": 51, "total": 100}
{"dataset": "longmemeval_s", "stage": "prepare", "done": 52, "total": 100}
{"dataset": "longmemeval_s", "stage": "prepare", "done": 53, "total": 100}
{"dataset": "longmemeval_s", "stage": "prepare", "done": 54, "total": 100}
{"dataset": "longmemeval_s", "stage": "prepare", "done": 55, "total": 100}
{"dataset": "longmemeval_s", "stage": "prepare", "done": 56, "total": 100}
{"dataset": "longmemeval_s", "stage": "prepare", "done": 57, "total": 100}
{"dataset": "longmemeval_s", "stage": "prepare", "done": 58, "total": 100}
{"dataset": "longmemeval_s", "stage": "prepare", "done": 59, "total": 100}
{"dataset": "longmemeval_s", "stage": "prepare", "done": 60, "total": 100}
{"dataset": "longmemeval_s", "stage": "prepare", "done": 61, "total": 100}
{"dataset": "longmemeval_s", "stage": "prepare", "done": 62, "total": 100}
{"dataset": "longmemeval_s", "stage": "prepare", "done": 63, "total": 100}
{"dataset": "longmemeval_s", "stage": "prepare", "done": 64, "total": 100}
{"dataset": "longmemeval_s", "stage": "prepare", "done": 65, "total": 100}
{"dataset": "longmemeval_s", "stage": "prepare", "done": 66, "total": 100}
{"dataset": "longmemeval_s", "stage": "prepare", "done": 67, "total": 100}
{"dataset": "longmemeval_s", "stage": "prepare", "done": 68, "total": 100}
{"dataset": "longmemeval_s", "stage": "prepare", "done": 69, "total": 100}
{"dataset": "longmemeval_s", "stage": "prepare", "done": 70, "total": 100}
{"dataset": "longmemeval_s", "stage": "prepare", "done": 71, "total": 100}
{"dataset": "longmemeval_s", "stage": "prepare", "done": 72, "total": 100}
{"dataset": "longmemeval_s", "stage": "prepare", "done": 73, "total": 100}
{"dataset": "longmemeval_s", "stage": "prepare", "done": 74, "total": 100}
{"dataset": "longmemeval_s", "stage": "prepare", "done": 75, "total": 100}
{"dataset": "longmemeval_s", "stage": "prepare", "done": 76, "total": 100}
{"dataset": "longmemeval_s", "stage": "prepare", "done": 77, "total": 100}
{"dataset": "longmemeval_s", "stage": "prepare", "done": 78, "total": 100}
{"dataset": "longmemeval_s", "stage": "prepare", "done": 79, "total": 100}
{"dataset": "longmemeval_s", "stage": "prepare", "done": 80, "total": 100}
{"dataset": "longmemeval_s", "stage": "prepare", "done": 81, "total": 100}
{"dataset": "longmemeval_s", "stage": "prepare", "done": 82, "total": 100}
{"dataset": "longmemeval_s", "stage": "prepare", "done": 83, "total": 100}
{"dataset": "longmemeval_s", "stage": "prepare", "done": 84, "total": 100}
{"dataset": "longmemeval_s", "stage": "prepare", "done": 85, "total": 100}
{"dataset": "longmemeval_s", "stage": "prepare", "done": 86, "total": 100}
{"dataset": "longmemeval_s", "stage": "prepare", "done": 87, "total": 100}
{"dataset": "longmemeval_s", "stage": "prepare", "done": 88, "total": 100}
{"dataset": "longmemeval_s", "stage": "prepare", "done": 89, "total": 100}
{"dataset": "longmemeval_s", "stage": "prepare", "done": 90, "total": 100}
{"dataset": "longmemeval_s", "stage": "prepare", "done": 91, "total": 100}
{"dataset": "longmemeval_s", "stage": "prepare", "done": 92, "total": 100}
{"dataset": "longmemeval_s", "stage": "prepare", "done": 93, "total": 100}
{"dataset": "longmemeval_s", "stage": "prepare", "done": 94, "total": 100}
{"dataset": "longmemeval_s", "stage": "prepare", "done": 95, "total": 100}
{"dataset": "longmemeval_s", "stage": "prepare", "done": 96, "total": 100}
{"dataset": "longmemeval_s", "stage": "prepare", "done": 97, "total": 100}
{"dataset": "longmemeval_s", "stage": "prepare", "done": 98, "total": 100}
{"dataset": "longmemeval_s", "stage": "prepare", "done": 99, "total": 100}
{"dataset": "longmemeval_s", "stage": "prepare", "done": 100, "total": 100}
{"dataset": "longmemeval_s", "arm": "B", "status": "complete", "questions": 100}
{"dataset": "longmemeval_s", "arm": "C", "status": "complete", "questions": 100}
{"dataset": "longmemeval_s", "arm": "D", "status": "complete", "questions": 100}
{"dataset": "longmemeval_oracle", "stage": "prepare", "done": 1, "total": 100}
{"dataset": "longmemeval_oracle", "stage": "prepare", "done": 2, "total": 100}
{"dataset": "longmemeval_oracle", "stage": "prepare", "done": 3, "total": 100}
{"dataset": "longmemeval_oracle", "stage": "prepare", "done": 4, "total": 100}
{"dataset": "longmemeval_oracle", "stage": "prepare", "done": 5, "total": 100}
{"dataset": "longmemeval_oracle", "stage": "prepare", "done": 6, "total": 100}
{"dataset": "longmemeval_oracle", "stage": "prepare", "done": 7, "total": 100}
{"dataset": "longmemeval_oracle", "stage": "prepare", "done": 8, "total": 100}
{"dataset": "longmemeval_oracle", "stage": "prepare", "done": 9, "total": 100}
{"dataset": "longmemeval_oracle", "stage": "prepare", "done": 10, "total": 100}
{"dataset": "longmemeval_oracle", "stage": "prepare", "done": 11, "total": 100}
{"dataset": "longmemeval_oracle", "stage": "prepare", "done": 12, "total": 100}
{"dataset": "longmemeval_oracle", "stage": "prepare", "done": 13, "total": 100}
{"dataset": "longmemeval_oracle", "stage": "prepare", "done": 14, "total": 100}
{"dataset": "longmemeval_oracle", "stage": "prepare", "done": 15, "total": 100}
{"dataset": "longmemeval_oracle", "stage": "prepare", "done": 16, "total": 100}
{"dataset": "longmemeval_oracle", "stage": "prepare", "done": 17, "total": 100}
{"dataset": "longmemeval_oracle", "stage": "prepare", "done": 18, "total": 100}
{"dataset": "longmemeval_oracle", "stage": "prepare", "done": 19, "total": 100}
{"dataset": "longmemeval_oracle", "stage": "prepare", "done": 20, "total": 100}
{"dataset": "longmemeval_oracle", "stage": "prepare", "done": 21, "total": 100}
{"dataset": "longmemeval_oracle", "stage": "prepare", "done": 22, "total": 100}
{"dataset": "longmemeval_oracle", "stage": "prepare", "done": 23, "total": 100}
{"dataset": "longmemeval_oracle", "stage": "prepare", "done": 24, "total": 100}
{"dataset": "longmemeval_oracle", "stage": "prepare", "done": 25, "total": 100}
{"dataset": "longmemeval_oracle", "stage": "prepare", "done": 26, "total": 100}
{"dataset": "longmemeval_oracle", "stage": "prepare", "done": 27, "total": 100}
{"dataset": "longmemeval_oracle", "stage": "prepare", "done": 28, "total": 100}
{"dataset": "longmemeval_oracle", "stage": "prepare", "done": 29, "total": 100}
{"dataset": "longmemeval_oracle", "stage": "prepare", "done": 30, "total": 100}
{"dataset": "longmemeval_oracle", "stage": "prepare", "done": 31, "total": 100}
{"dataset": "longmemeval_oracle", "stage": "prepare", "done": 32, "total": 100}
{"dataset": "longmemeval_oracle", "stage": "prepare", "done": 33, "total": 100}
{"dataset": "longmemeval_oracle", "stage": "prepare", "done": 34, "total": 100}
{"dataset": "longmemeval_oracle", "stage": "prepare", "done": 35, "total": 100}
{"dataset": "longmemeval_oracle", "stage": "prepare", "done": 36, "total": 100}
{"dataset": "longmemeval_oracle", "stage": "prepare", "done": 37, "total": 100}
{"dataset": "longmemeval_oracle", "stage": "prepare", "done": 38, "total": 100}
{"dataset": "longmemeval_oracle", "stage": "prepare", "done": 39, "total": 100}
{"dataset": "longmemeval_oracle", "stage": "prepare", "done": 40, "total": 100}
{"dataset": "longmemeval_oracle", "stage": "prepare", "done": 41, "total": 100}
{"dataset": "longmemeval_oracle", "stage": "prepare", "done": 42, "total": 100}
{"dataset": "longmemeval_oracle", "stage": "prepare", "done": 43, "total": 100}
{"dataset": "longmemeval_oracle", "stage": "prepare", "done": 44, "total": 100}
{"dataset": "longmemeval_oracle", "stage": "prepare", "done": 45, "total": 100}
{"dataset": "longmemeval_oracle", "stage": "prepare", "done": 46, "total": 100}
{"dataset": "longmemeval_oracle", "stage": "prepare", "done": 47, "total": 100}
{"dataset": "longmemeval_oracle", "stage": "prepare", "done": 48, "total": 100}
{"dataset": "longmemeval_oracle", "stage": "prepare", "done": 49, "total": 100}
{"dataset": "longmemeval_oracle", "stage": "prepare", "done": 50, "total": 100}
{"dataset": "longmemeval_oracle", "stage": "prepare", "done": 51, "total": 100}
{"dataset": "longmemeval_oracle", "stage": "prepare", "done": 52, "total": 100}
{"dataset": "longmemeval_oracle", "stage": "prepare", "done": 53, "total": 100}
{"dataset": "longmemeval_oracle", "stage": "prepare", "done": 54, "total": 100}
{"dataset": "longmemeval_oracle", "stage": "prepare", "done": 55, "total": 100}
{"dataset": "longmemeval_oracle", "stage": "prepare", "done": 56, "total": 100}
{"dataset": "longmemeval_oracle", "stage": "prepare", "done": 57, "total": 100}
{"dataset": "longmemeval_oracle", "stage": "prepare", "done": 58, "total": 100}
{"dataset": "longmemeval_oracle", "stage": "prepare", "done": 59, "total": 100}
{"dataset": "longmemeval_oracle", "stage": "prepare", "done": 60, "total": 100}
{"dataset": "longmemeval_oracle", "stage": "prepare", "done": 61, "total": 100}
{"dataset": "longmemeval_oracle", "stage": "prepare", "done": 62, "total": 100}
{"dataset": "longmemeval_oracle", "stage": "prepare", "done": 63, "total": 100}
{"dataset": "longmemeval_oracle", "stage": "prepare", "done": 64, "total": 100}
{"dataset": "longmemeval_oracle", "stage": "prepare", "done": 65, "total": 100}
{"dataset": "longmemeval_oracle", "stage": "prepare", "done": 66, "total": 100}
{"dataset": "longmemeval_oracle", "stage": "prepare", "done": 67, "total": 100}
{"dataset": "longmemeval_oracle", "stage": "prepare", "done": 68, "total": 100}
{"dataset": "longmemeval_oracle", "stage": "prepare", "done": 69, "total": 100}
{"dataset": "longmemeval_oracle", "stage": "prepare", "done": 70, "total": 100}
{"dataset": "longmemeval_oracle", "stage": "prepare", "done": 71, "total": 100}
{"dataset": "longmemeval_oracle", "stage": "prepare", "done": 72, "total": 100}
{"dataset": "longmemeval_oracle", "stage": "prepare", "done": 73, "total": 100}
{"dataset": "longmemeval_oracle", "stage": "prepare", "done": 74, "total": 100}
{"dataset": "longmemeval_oracle", "stage": "prepare", "done": 75, "total": 100}
{"dataset": "longmemeval_oracle", "stage": "prepare", "done": 76, "total": 100}
{"dataset": "longmemeval_oracle", "stage": "prepare", "done": 77, "total": 100}
{"dataset": "longmemeval_oracle", "stage": "prepare", "done": 78, "total": 100}
{"dataset": "longmemeval_oracle", "stage": "prepare", "done": 79, "total": 100}
{"dataset": "longmemeval_oracle", "stage": "prepare", "done": 80, "total": 100}
{"dataset": "longmemeval_oracle", "stage": "prepare", "done": 81, "total": 100}
{"dataset": "longmemeval_oracle", "stage": "prepare", "done": 82, "total": 100}
{"dataset": "longmemeval_oracle", "stage": "prepare", "done": 83, "total": 100}
{"dataset": "longmemeval_oracle", "stage": "prepare", "done": 84, "total": 100}
{"dataset": "longmemeval_oracle", "stage": "prepare", "done": 85, "total": 100}
{"dataset": "longmemeval_oracle", "stage": "prepare", "done": 86, "total": 100}
{"dataset": "longmemeval_oracle", "stage": "prepare", "done": 87, "total": 100}
{"dataset": "longmemeval_oracle", "stage": "prepare", "done": 88, "total": 100}
{"dataset": "longmemeval_oracle", "stage": "prepare", "done": 89, "total": 100}
{"dataset": "longmemeval_oracle", "stage": "prepare", "done": 90, "total": 100}
{"dataset": "longmemeval_oracle", "stage": "prepare", "done": 91, "total": 100}
{"dataset": "longmemeval_oracle", "stage": "prepare", "done": 92, "total": 100}
{"dataset": "longmemeval_oracle", "stage": "prepare", "done": 93, "total": 100}
{"dataset": "longmemeval_oracle", "stage": "prepare", "done": 94, "total": 100}
{"dataset": "longmemeval_oracle", "stage": "prepare", "done": 95, "total": 100}
{"dataset": "longmemeval_oracle", "stage": "prepare", "done": 96, "total": 100}
{"dataset": "longmemeval_oracle", "stage": "prepare", "done": 97, "total": 100}
{"dataset": "longmemeval_oracle", "stage": "prepare", "done": 98, "total": 100}
{"dataset": "longmemeval_oracle", "stage": "prepare", "done": 99, "total": 100}
{"dataset": "longmemeval_oracle", "stage": "prepare", "done": 100, "total": 100}
{"dataset": "longmemeval_oracle", "arm": "B", "status": "complete", "questions": 100}
{"dataset": "longmemeval_oracle", "arm": "C", "status": "complete", "questions": 100}
{"dataset": "longmemeval_oracle", "arm": "D", "status": "complete", "questions": 100}
{"dataset": "multihoprag", "stage": "prepare", "done": 100, "total": 100}
{"dataset": "multihoprag", "arm": "B", "status": "complete", "questions": 100}
{"dataset": "multihoprag", "arm": "C", "status": "complete", "questions": 100}
{"dataset": "multihoprag", "arm": "D", "status": "complete", "questions": 100}
{"dataset": "factconsolidation_sh_6k", "stage": "prepare", "done": 100, "total": 100}
{"dataset": "factconsolidation_sh_6k", "arm": "B", "status": "complete", "questions": 100}
{"dataset": "factconsolidation_sh_6k", "arm": "C", "status": "complete", "questions": 100}
{"dataset": "factconsolidation_sh_6k", "arm": "D", "status": "complete", "questions": 100}
{"dataset": "factconsolidation_mh_6k", "stage": "prepare", "done": 100, "total": 100}
{"dataset": "factconsolidation_mh_6k", "arm": "B", "status": "complete", "questions": 100}
{"dataset": "factconsolidation_mh_6k", "arm": "C", "status": "complete", "questions": 100}
{"dataset": "factconsolidation_mh_6k", "arm": "D", "status": "complete", "questions": 100}
{"dataset": "factconsolidation_sh_32k", "stage": "prepare", "done": 100, "total": 100}
{"dataset": "factconsolidation_sh_32k", "arm": "B", "status": "complete", "questions": 100}
{"dataset": "factconsolidation_sh_32k", "arm": "C", "status": "complete", "questions": 100}
{"dataset": "factconsolidation_sh_32k", "arm": "D", "status": "complete", "questions": 100}
{"dataset": "factconsolidation_mh_32k", "stage": "prepare", "done": 100, "total": 100}
{"dataset": "factconsolidation_mh_32k", "arm": "B", "status": "complete", "questions": 100}
{"dataset": "factconsolidation_mh_32k", "arm": "C", "status": "complete", "questions": 100}
{"dataset": "factconsolidation_mh_32k", "arm": "D", "status": "complete", "questions": 100}
{"dataset": "factconsolidation_sh_64k", "stage": "prepare", "done": 100, "total": 100}
{"dataset": "factconsolidation_sh_64k", "arm": "B", "status": "complete", "questions": 100}
{"dataset": "factconsolidation_sh_64k", "arm": "C", "status": "complete", "questions": 100}
{"dataset": "factconsolidation_sh_64k", "arm": "D", "status": "complete", "questions": 100}
{"dataset": "factconsolidation_mh_64k", "stage": "prepare", "done": 100, "total": 100}
{"dataset": "factconsolidation_mh_64k", "arm": "B", "status": "complete", "questions": 100}
{"dataset": "factconsolidation_mh_64k", "arm": "C", "status": "complete", "questions": 100}
{"dataset": "factconsolidation_mh_64k", "arm": "D", "status": "complete", "questions": 100}
{"dataset": "factconsolidation_sh_262k", "stage": "prepare", "done": 100, "total": 100}
{"dataset": "factconsolidation_sh_262k", "arm": "B", "status": "complete", "questions": 100}
{"dataset": "factconsolidation_sh_262k", "arm": "C", "status": "complete", "questions": 100}
{"dataset": "factconsolidation_sh_262k", "arm": "D", "status": "complete", "questions": 100}
{"dataset": "factconsolidation_mh_262k", "stage": "prepare", "done": 100, "total": 100}
{"dataset": "factconsolidation_mh_262k", "arm": "B", "status": "complete", "questions": 100}
{"dataset": "factconsolidation_mh_262k", "arm": "C", "status": "complete", "questions": 100}
{"dataset": "factconsolidation_mh_262k", "arm": "D", "status": "complete", "questions": 100}
{"dataset": "personamem_v2_32k", "stage": "prepare", "done": 2, "total": 100}
{"dataset": "personamem_v2_32k", "stage": "prepare", "done": 3, "total": 100}
{"dataset": "personamem_v2_32k", "stage": "prepare", "done": 4, "total": 100}
{"dataset": "personamem_v2_32k", "stage": "prepare", "done": 5, "total": 100}
{"dataset": "personamem_v2_32k", "stage": "prepare", "done": 7, "total": 100}
{"dataset": "personamem_v2_32k", "stage": "prepare", "done": 8, "total": 100}
{"dataset": "personamem_v2_32k", "stage": "prepare", "done": 10, "total": 100}
{"dataset": "personamem_v2_32k", "stage": "prepare", "done": 12, "total": 100}
{"dataset": "personamem_v2_32k", "stage": "prepare", "done": 13, "total": 100}
{"dataset": "personamem_v2_32k", "stage": "prepare", "done": 14, "total": 100}
{"dataset": "personamem_v2_32k", "stage": "prepare", "done": 15, "total": 100}
{"dataset": "personamem_v2_32k", "stage": "prepare", "done": 16, "total": 100}
{"dataset": "personamem_v2_32k", "stage": "prepare", "done": 18, "total": 100}
{"dataset": "personamem_v2_32k", "stage": "prepare", "done": 20, "total": 100}
{"dataset": "personamem_v2_32k", "stage": "prepare", "done": 21, "total": 100}
{"dataset": "personamem_v2_32k", "stage": "prepare", "done": 23, "total": 100}
{"dataset": "personamem_v2_32k", "stage": "prepare", "done": 24, "total": 100}
{"dataset": "personamem_v2_32k", "stage": "prepare", "done": 25, "total": 100}
{"dataset": "personamem_v2_32k", "stage": "prepare", "done": 26, "total": 100}
{"dataset": "personamem_v2_32k", "stage": "prepare", "done": 27, "total": 100}
{"dataset": "personamem_v2_32k", "stage": "prepare", "done": 28, "total": 100}
{"dataset": "personamem_v2_32k", "stage": "prepare", "done": 30, "total": 100}
{"dataset": "personamem_v2_32k", "stage": "prepare", "done": 31, "total": 100}
{"dataset": "personamem_v2_32k", "stage": "prepare", "done": 32, "total": 100}
{"dataset": "personamem_v2_32k", "stage": "prepare", "done": 33, "total": 100}
{"dataset": "personamem_v2_32k", "stage": "prepare", "done": 34, "total": 100}
{"dataset": "personamem_v2_32k", "stage": "prepare", "done": 36, "total": 100}
{"dataset": "personamem_v2_32k", "stage": "prepare", "done": 38, "total": 100}
{"dataset": "personamem_v2_32k", "stage": "prepare", "done": 39, "total": 100}
{"dataset": "personamem_v2_32k", "stage": "prepare", "done": 40, "total": 100}
{"dataset": "personamem_v2_32k", "stage": "prepare", "done": 41, "total": 100}
{"dataset": "personamem_v2_32k", "stage": "prepare", "done": 43, "total": 100}
{"dataset": "personamem_v2_32k", "stage": "prepare", "done": 44, "total": 100}
{"dataset": "personamem_v2_32k", "stage": "prepare", "done": 45, "total": 100}
{"dataset": "personamem_v2_32k", "stage": "prepare", "done": 47, "total": 100}
{"dataset": "personamem_v2_32k", "stage": "prepare", "done": 48, "total": 100}
{"dataset": "personamem_v2_32k", "stage": "prepare", "done": 49, "total": 100}
{"dataset": "personamem_v2_32k", "stage": "prepare", "done": 50, "total": 100}
{"dataset": "personamem_v2_32k", "stage": "prepare", "done": 51, "total": 100}
{"dataset": "personamem_v2_32k", "stage": "prepare", "done": 53, "total": 100}
{"dataset": "personamem_v2_32k", "stage": "prepare", "done": 54, "total": 100}
{"dataset": "personamem_v2_32k", "stage": "prepare", "done": 56, "total": 100}
{"dataset": "personamem_v2_32k", "stage": "prepare", "done": 59, "total": 100}
{"dataset": "personamem_v2_32k", "stage": "prepare", "done": 60, "total": 100}
{"dataset": "personamem_v2_32k", "stage": "prepare", "done": 61, "total": 100}
{"dataset": "personamem_v2_32k", "stage": "prepare", "done": 62, "total": 100}
{"dataset": "personamem_v2_32k", "stage": "prepare", "done": 63, "total": 100}
{"dataset": "personamem_v2_32k", "stage": "prepare", "done": 64, "total": 100}
{"dataset": "personamem_v2_32k", "stage": "prepare", "done": 65, "total": 100}
{"dataset": "personamem_v2_32k", "stage": "prepare", "done": 67, "total": 100}
{"dataset": "personamem_v2_32k", "stage": "prepare", "done": 69, "total": 100}
{"dataset": "personamem_v2_32k", "stage": "prepare", "done": 72, "total": 100}
{"dataset": "personamem_v2_32k", "stage": "prepare", "done": 73, "total": 100}
{"dataset": "personamem_v2_32k", "stage": "prepare", "done": 74, "total": 100}
{"dataset": "personamem_v2_32k", "stage": "prepare", "done": 75, "total": 100}
{"dataset": "personamem_v2_32k", "stage": "prepare", "done": 77, "total": 100}
{"dataset": "personamem_v2_32k", "stage": "prepare", "done": 78, "total": 100}
{"dataset": "personamem_v2_32k", "stage": "prepare", "done": 79, "total": 100}
{"dataset": "personamem_v2_32k", "stage": "prepare", "done": 81, "total": 100}
{"dataset": "personamem_v2_32k", "stage": "prepare", "done": 82, "total": 100}
{"dataset": "personamem_v2_32k", "stage": "prepare", "done": 83, "total": 100}
{"dataset": "personamem_v2_32k", "stage": "prepare", "done": 84, "total": 100}
{"dataset": "personamem_v2_32k", "stage": "prepare", "done": 85, "total": 100}
{"dataset": "personamem_v2_32k", "stage": "prepare", "done": 86, "total": 100}
{"dataset": "personamem_v2_32k", "stage": "prepare", "done": 87, "total": 100}
{"dataset": "personamem_v2_32k", "stage": "prepare", "done": 88, "total": 100}
{"dataset": "personamem_v2_32k", "stage": "prepare", "done": 89, "total": 100}
{"dataset": "personamem_v2_32k", "stage": "prepare", "done": 90, "total": 100}
{"dataset": "personamem_v2_32k", "stage": "prepare", "done": 91, "total": 100}
{"dataset": "personamem_v2_32k", "stage": "prepare", "done": 93, "total": 100}
{"dataset": "personamem_v2_32k", "stage": "prepare", "done": 94, "total": 100}
{"dataset": "personamem_v2_32k", "stage": "prepare", "done": 95, "total": 100}
{"dataset": "personamem_v2_32k", "stage": "prepare", "done": 96, "total": 100}
{"dataset": "personamem_v2_32k", "stage": "prepare", "done": 97, "total": 100}
{"dataset": "personamem_v2_32k", "stage": "prepare", "done": 98, "total": 100}
{"dataset": "personamem_v2_32k", "stage": "prepare", "done": 99, "total": 100}
{"dataset": "personamem_v2_32k", "stage": "prepare", "done": 100, "total": 100}
{"dataset": "personamem_v2_32k", "arm": "B", "status": "complete", "questions": 100}
{"dataset": "personamem_v2_32k", "arm": "C", "status": "complete", "questions": 100}
{"dataset": "personamem_v2_32k", "arm": "D", "status": "complete", "questions": 100}
{"dataset": "personamem_v2_128k", "stage": "prepare", "done": 1, "total": 100}
{"dataset": "personamem_v2_128k", "stage": "prepare", "done": 2, "total": 100}
{"dataset": "personamem_v2_128k", "stage": "prepare", "done": 3, "total": 100}
{"dataset": "personamem_v2_128k", "stage": "prepare", "done": 4, "total": 100}
{"dataset": "personamem_v2_128k", "stage": "prepare", "done": 5, "total": 100}
{"dataset": "personamem_v2_128k", "stage": "prepare", "done": 7, "total": 100}
{"dataset": "personamem_v2_128k", "stage": "prepare", "done": 8, "total": 100}
{"dataset": "personamem_v2_128k", "stage": "prepare", "done": 10, "total": 100}
{"dataset": "personamem_v2_128k", "stage": "prepare", "done": 12, "total": 100}
{"dataset": "personamem_v2_128k", "stage": "prepare", "done": 13, "total": 100}
{"dataset": "personamem_v2_128k", "stage": "prepare", "done": 14, "total": 100}
{"dataset": "personamem_v2_128k", "stage": "prepare", "done": 17, "total": 100}
{"dataset": "personamem_v2_128k", "stage": "prepare", "done": 19, "total": 100}
{"dataset": "personamem_v2_128k", "stage": "prepare", "done": 20, "total": 100}
{"dataset": "personamem_v2_128k", "stage": "prepare", "done": 21, "total": 100}
{"dataset": "personamem_v2_128k", "stage": "prepare", "done": 22, "total": 100}
{"dataset": "personamem_v2_128k", "stage": "prepare", "done": 23, "total": 100}
{"dataset": "personamem_v2_128k", "stage": "prepare", "done": 24, "total": 100}
{"dataset": "personamem_v2_128k", "stage": "prepare", "done": 25, "total": 100}
{"dataset": "personamem_v2_128k", "stage": "prepare", "done": 26, "total": 100}
{"dataset": "personamem_v2_128k", "stage": "prepare", "done": 27, "total": 100}
{"dataset": "personamem_v2_128k", "stage": "prepare", "done": 28, "total": 100}
{"dataset": "personamem_v2_128k", "stage": "prepare", "done": 29, "total": 100}
{"dataset": "personamem_v2_128k", "stage": "prepare", "done": 30, "total": 100}
{"dataset": "personamem_v2_128k", "stage": "prepare", "done": 31, "total": 100}
{"dataset": "personamem_v2_128k", "stage": "prepare", "done": 33, "total": 100}
{"dataset": "personamem_v2_128k", "stage": "prepare", "done": 34, "total": 100}
{"dataset": "personamem_v2_128k", "stage": "prepare", "done": 35, "total": 100}
{"dataset": "personamem_v2_128k", "stage": "prepare", "done": 36, "total": 100}
{"dataset": "personamem_v2_128k", "stage": "prepare", "done": 37, "total": 100}
{"dataset": "personamem_v2_128k", "stage": "prepare", "done": 38, "total": 100}
{"dataset": "personamem_v2_128k", "stage": "prepare", "done": 39, "total": 100}
{"dataset": "personamem_v2_128k", "stage": "prepare", "done": 40, "total": 100}
{"dataset": "personamem_v2_128k", "stage": "prepare", "done": 42, "total": 100}
{"dataset": "personamem_v2_128k", "stage": "prepare", "done": 43, "total": 100}
{"dataset": "personamem_v2_128k", "stage": "prepare", "done": 45, "total": 100}
{"dataset": "personamem_v2_128k", "stage": "prepare", "done": 46, "total": 100}
{"dataset": "personamem_v2_128k", "stage": "prepare", "done": 48, "total": 100}
{"dataset": "personamem_v2_128k", "stage": "prepare", "done": 49, "total": 100}
{"dataset": "personamem_v2_128k", "stage": "prepare", "done": 50, "total": 100}
{"dataset": "personamem_v2_128k", "stage": "prepare", "done": 51, "total": 100}
{"dataset": "personamem_v2_128k", "stage": "prepare", "done": 52, "total": 100}
{"dataset": "personamem_v2_128k", "stage": "prepare", "done": 53, "total": 100}
{"dataset": "personamem_v2_128k", "stage": "prepare", "done": 55, "total": 100}
{"dataset": "personamem_v2_128k", "stage": "prepare", "done": 56, "total": 100}
{"dataset": "personamem_v2_128k", "stage": "prepare", "done": 58, "total": 100}
{"dataset": "personamem_v2_128k", "stage": "prepare", "done": 59, "total": 100}
{"dataset": "personamem_v2_128k", "stage": "prepare", "done": 61, "total": 100}
{"dataset": "personamem_v2_128k", "stage": "prepare", "done": 62, "total": 100}
{"dataset": "personamem_v2_128k", "stage": "prepare", "done": 63, "total": 100}
{"dataset": "personamem_v2_128k", "stage": "prepare", "done": 64, "total": 100}
{"dataset": "personamem_v2_128k", "stage": "prepare", "done": 66, "total": 100}
{"dataset": "personamem_v2_128k", "stage": "prepare", "done": 67, "total": 100}
{"dataset": "personamem_v2_128k", "stage": "prepare", "done": 71, "total": 100}
{"dataset": "personamem_v2_128k", "stage": "prepare", "done": 74, "total": 100}
{"dataset": "personamem_v2_128k", "stage": "prepare", "done": 75, "total": 100}
{"dataset": "personamem_v2_128k", "stage": "prepare", "done": 76, "total": 100}
{"dataset": "personamem_v2_128k", "stage": "prepare", "done": 77, "total": 100}
{"dataset": "personamem_v2_128k", "stage": "prepare", "done": 79, "total": 100}
{"dataset": "personamem_v2_128k", "stage": "prepare", "done": 80, "total": 100}
{"dataset": "personamem_v2_128k", "stage": "prepare", "done": 81, "total": 100}
{"dataset": "personamem_v2_128k", "stage": "prepare", "done": 82, "total": 100}
{"dataset": "personamem_v2_128k", "stage": "prepare", "done": 84, "total": 100}
{"dataset": "personamem_v2_128k", "stage": "prepare", "done": 85, "total": 100}
{"dataset": "personamem_v2_128k", "stage": "prepare", "done": 86, "total": 100}
{"dataset": "personamem_v2_128k", "stage": "prepare", "done": 87, "total": 100}
{"dataset": "personamem_v2_128k", "stage": "prepare", "done": 88, "total": 100}
{"dataset": "personamem_v2_128k", "stage": "prepare", "done": 89, "total": 100}
{"dataset": "personamem_v2_128k", "stage": "prepare", "done": 91, "total": 100}
{"dataset": "personamem_v2_128k", "stage": "prepare", "done": 92, "total": 100}
{"dataset": "personamem_v2_128k", "stage": "prepare", "done": 93, "total": 100}
{"dataset": "personamem_v2_128k", "stage": "prepare", "done": 94, "total": 100}
{"dataset": "personamem_v2_128k", "stage": "prepare", "done": 95, "total": 100}
{"dataset": "personamem_v2_128k", "stage": "prepare", "done": 96, "total": 100}
{"dataset": "personamem_v2_128k", "stage": "prepare", "done": 97, "total": 100}
{"dataset": "personamem_v2_128k", "stage": "prepare", "done": 98, "total": 100}
{"dataset": "personamem_v2_128k", "stage": "prepare", "done": 99, "total": 100}
{"dataset": "personamem_v2_128k", "stage": "prepare", "done": 100, "total": 100}
{"dataset": "personamem_v2_128k", "arm": "B", "status": "complete", "questions": 100}
{"dataset": "personamem_v2_128k", "arm": "C", "status": "complete", "questions": 100}
{"dataset": "personamem_v2_128k", "arm": "D", "status": "complete", "questions": 100}
{"dataset": "beam_100k", "stage": "prepare", "done": 3, "total": 100}
{"dataset": "beam_100k", "stage": "prepare", "done": 10, "total": 100}
{"dataset": "beam_100k", "stage": "prepare", "done": 21, "total": 100}
{"dataset": "beam_100k", "stage": "prepare", "done": 25, "total": 100}
{"dataset": "beam_100k", "stage": "prepare", "done": 28, "total": 100}
{"dataset": "beam_100k", "stage": "prepare", "done": 33, "total": 100}
{"dataset": "beam_100k", "stage": "prepare", "done": 40, "total": 100}
{"dataset": "beam_100k", "stage": "prepare", "done": 41, "total": 100}
{"dataset": "beam_100k", "stage": "prepare", "done": 45, "total": 100}
{"dataset": "beam_100k", "stage": "prepare", "done": 52, "total": 100}
{"dataset": "beam_100k", "stage": "prepare", "done": 59, "total": 100}
{"dataset": "beam_100k", "stage": "prepare", "done": 64, "total": 100}
{"dataset": "beam_100k", "stage": "prepare", "done": 66, "total": 100}
{"dataset": "beam_100k", "stage": "prepare", "done": 72, "total": 100}
{"dataset": "beam_100k", "stage": "prepare", "done": 75, "total": 100}
{"dataset": "beam_100k", "stage": "prepare", "done": 81, "total": 100}
{"dataset": "beam_100k", "stage": "prepare", "done": 86, "total": 100}
{"dataset": "beam_100k", "stage": "prepare", "done": 95, "total": 100}
{"dataset": "beam_100k", "stage": "prepare", "done": 97, "total": 100}
{"dataset": "beam_100k", "stage": "prepare", "done": 100, "total": 100}
{"dataset": "beam_100k", "arm": "B", "status": "complete", "questions": 100}
{"dataset": "beam_100k", "arm": "C", "status": "complete", "questions": 100}
{"dataset": "beam_100k", "arm": "D", "status": "complete", "questions": 100}
{"dataset": "beam_500k", "stage": "prepare", "done": 3, "total": 100}
{"dataset": "beam_500k", "stage": "prepare", "done": 5, "total": 100}
{"dataset": "beam_500k", "stage": "prepare", "done": 9, "total": 100}
{"dataset": "beam_500k", "stage": "prepare", "done": 10, "total": 100}
{"dataset": "beam_500k", "stage": "prepare", "done": 14, "total": 100}
{"dataset": "beam_500k", "stage": "prepare", "done": 17, "total": 100}
{"dataset": "beam_500k", "stage": "prepare", "done": 21, "total": 100}
{"dataset": "beam_500k", "stage": "prepare", "done": 25, "total": 100}
{"dataset": "beam_500k", "stage": "prepare", "done": 27, "total": 100}
{"dataset": "beam_500k", "stage": "prepare", "done": 31, "total": 100}
{"dataset": "beam_500k", "stage": "prepare", "done": 37, "total": 100}
{"dataset": "beam_500k", "stage": "prepare", "done": 39, "total": 100}
{"dataset": "beam_500k", "stage": "prepare", "done": 42, "total": 100}
{"dataset": "beam_500k", "stage": "prepare", "done": 44, "total": 100}
{"dataset": "beam_500k", "stage": "prepare", "done": 46, "total": 100}
{"dataset": "beam_500k", "stage": "prepare", "done": 50, "total": 100}
{"dataset": "beam_500k", "stage": "prepare", "done": 53, "total": 100}
{"dataset": "beam_500k", "stage": "prepare", "done": 56, "total": 100}
{"dataset": "beam_500k", "stage": "prepare", "done": 57, "total": 100}
{"dataset": "beam_500k", "stage": "prepare", "done": 60, "total": 100}
{"dataset": "beam_500k", "stage": "prepare", "done": 62, "total": 100}
{"dataset": "beam_500k", "stage": "prepare", "done": 68, "total": 100}
{"dataset": "beam_500k", "stage": "prepare", "done": 71, "total": 100}
{"dataset": "beam_500k", "stage": "prepare", "done": 77, "total": 100}
{"dataset": "beam_500k", "stage": "prepare", "done": 80, "total": 100}
{"dataset": "beam_500k", "stage": "prepare", "done": 84, "total": 100}
{"dataset": "beam_500k", "stage": "prepare", "done": 89, "total": 100}
{"dataset": "beam_500k", "stage": "prepare", "done": 92, "total": 100}
{"dataset": "beam_500k", "stage": "prepare", "done": 94, "total": 100}
{"dataset": "beam_500k", "stage": "prepare", "done": 95, "total": 100}
{"dataset": "beam_500k", "stage": "prepare", "done": 96, "total": 100}
{"dataset": "beam_500k", "stage": "prepare", "done": 100, "total": 100}
{"dataset": "beam_500k", "arm": "B", "status": "complete", "questions": 100}
{"dataset": "beam_500k", "arm": "C", "status": "complete", "questions": 100}
{"dataset": "beam_500k", "arm": "D", "status": "complete", "questions": 100}
{"dataset": "beam_1m", "stage": "prepare", "done": 2, "total": 100}
{"dataset": "beam_1m", "stage": "prepare", "done": 8, "total": 100}
{"dataset": "beam_1m", "stage": "prepare", "done": 10, "total": 100}
{"dataset": "beam_1m", "stage": "prepare", "done": 15, "total": 100}
{"dataset": "beam_1m", "stage": "prepare", "done": 19, "total": 100}
{"dataset": "beam_1m", "stage": "prepare", "done": 20, "total": 100}
{"dataset": "beam_1m", "stage": "prepare", "done": 22, "total": 100}
{"dataset": "beam_1m", "stage": "prepare", "done": 25, "total": 100}
{"dataset": "beam_1m", "stage": "prepare", "done": 27, "total": 100}
{"dataset": "beam_1m", "stage": "prepare", "done": 29, "total": 100}
{"dataset": "beam_1m", "stage": "prepare", "done": 32, "total": 100}
{"dataset": "beam_1m", "stage": "prepare", "done": 35, "total": 100}
{"dataset": "beam_1m", "stage": "prepare", "done": 40, "total": 100}
{"dataset": "beam_1m", "stage": "prepare", "done": 42, "total": 100}
{"dataset": "beam_1m", "stage": "prepare", "done": 46, "total": 100}
{"dataset": "beam_1m", "stage": "prepare", "done": 51, "total": 100}
{"dataset": "beam_1m", "stage": "prepare", "done": 54, "total": 100}
{"dataset": "beam_1m", "stage": "prepare", "done": 60, "total": 100}
{"dataset": "beam_1m", "stage": "prepare", "done": 64, "total": 100}
{"dataset": "beam_1m", "stage": "prepare", "done": 66, "total": 100}
{"dataset": "beam_1m", "stage": "prepare", "done": 69, "total": 100}
{"dataset": "beam_1m", "stage": "prepare", "done": 71, "total": 100}
{"dataset": "beam_1m", "stage": "prepare", "done": 74, "total": 100}
{"dataset": "beam_1m", "stage": "prepare", "done": 75, "total": 100}
{"dataset": "beam_1m", "stage": "prepare", "done": 76, "total": 100}
{"dataset": "beam_1m", "stage": "prepare", "done": 77, "total": 100}
{"dataset": "beam_1m", "stage": "prepare", "done": 79, "total": 100}
{"dataset": "beam_1m", "stage": "prepare", "done": 85, "total": 100}
{"dataset": "beam_1m", "stage": "prepare", "done": 90, "total": 100}
{"dataset": "beam_1m", "stage": "prepare", "done": 94, "total": 100}
{"dataset": "beam_1m", "stage": "prepare", "done": 95, "total": 100}
{"dataset": "beam_1m", "stage": "prepare", "done": 96, "total": 100}
{"dataset": "beam_1m", "stage": "prepare", "done": 98, "total": 100}
{"dataset": "beam_1m", "stage": "prepare", "done": 100, "total": 100}
{"dataset": "beam_1m", "arm": "B", "status": "complete", "questions": 100}
{"dataset": "beam_1m", "arm": "C", "status": "complete", "questions": 100}
