Recovery checks passed
{"dataset": "locomo", "arm": "B", "status": "complete", "questions": 100}
{"dataset": "locomo", "arm": "C", "status": "complete", "questions": 100}
{"dataset": "locomo", "arm": "D", "status": "complete", "questions": 100}
{"dataset": "musique", "arm": "B", "status": "complete", "questions": 100}
{"dataset": "musique", "arm": "C", "status": "complete", "questions": 100}
{"dataset": "musique", "arm": "D", "status": "complete", "questions": 100}
{"dataset": "2wikimultihopqa", "arm": "B", "status": "complete", "questions": 100}
{"dataset": "2wikimultihopqa", "arm": "C", "status": "complete", "questions": 100}
{"dataset": "2wikimultihopqa", "arm": "D", "status": "complete", "questions": 100}
{"dataset": "longmemeval_s", "arm": "B", "status": "complete", "questions": 100}
{"dataset": "longmemeval_s", "arm": "C", "status": "complete", "questions": 100}
{"dataset": "longmemeval_s", "arm": "D", "status": "complete", "questions": 100}
{"dataset": "longmemeval_oracle", "arm": "B", "status": "complete", "questions": 100}
{"dataset": "longmemeval_oracle", "arm": "C", "status": "complete", "questions": 100}
{"dataset": "longmemeval_oracle", "arm": "D", "status": "complete", "questions": 100}
{"dataset": "multihoprag", "arm": "B", "status": "complete", "questions": 100}
{"dataset": "multihoprag", "arm": "C", "status": "complete", "questions": 100}
{"dataset": "multihoprag", "arm": "D", "status": "complete", "questions": 100}
{"dataset": "factconsolidation_sh_6k", "arm": "B", "status": "complete", "questions": 100}
{"dataset": "factconsolidation_sh_6k", "arm": "C", "status": "complete", "questions": 100}
{"dataset": "factconsolidation_sh_6k", "arm": "D", "status": "complete", "questions": 100}
{"dataset": "factconsolidation_mh_6k", "arm": "B", "status": "complete", "questions": 100}
{"dataset": "factconsolidation_mh_6k", "arm": "C", "status": "complete", "questions": 100}
{"dataset": "factconsolidation_mh_6k", "arm": "D", "status": "complete", "questions": 100}
{"dataset": "factconsolidation_sh_32k", "arm": "B", "status": "complete", "questions": 100}
{"dataset": "factconsolidation_sh_32k", "arm": "C", "status": "complete", "questions": 100}
{"dataset": "factconsolidation_sh_32k", "arm": "D", "status": "complete", "questions": 100}
{"dataset": "factconsolidation_mh_32k", "arm": "B", "status": "complete", "questions": 100}
{"dataset": "factconsolidation_mh_32k", "arm": "C", "status": "complete", "questions": 100}
{"dataset": "factconsolidation_mh_32k", "arm": "D", "status": "complete", "questions": 100}
{"dataset": "factconsolidation_sh_64k", "arm": "B", "status": "complete", "questions": 100}
{"dataset": "factconsolidation_sh_64k", "arm": "C", "status": "complete", "questions": 100}
{"dataset": "factconsolidation_sh_64k", "arm": "D", "status": "complete", "questions": 100}
{"dataset": "factconsolidation_mh_64k", "arm": "B", "status": "complete", "questions": 100}
{"dataset": "factconsolidation_mh_64k", "arm": "C", "status": "complete", "questions": 100}
{"dataset": "factconsolidation_mh_64k", "arm": "D", "status": "complete", "questions": 100}
{"dataset": "factconsolidation_sh_262k", "arm": "B", "status": "complete", "questions": 100}
{"dataset": "factconsolidation_sh_262k", "arm": "C", "status": "complete", "questions": 100}
{"dataset": "factconsolidation_sh_262k", "arm": "D", "status": "complete", "questions": 100}
{"dataset": "factconsolidation_mh_262k", "arm": "B", "status": "complete", "questions": 100}
{"dataset": "factconsolidation_mh_262k", "arm": "C", "status": "complete", "questions": 100}
{"dataset": "factconsolidation_mh_262k", "arm": "D", "status": "complete", "questions": 100}
{"dataset": "personamem_v2_32k", "arm": "B", "status": "complete", "questions": 100}
{"dataset": "personamem_v2_32k", "arm": "C", "status": "complete", "questions": 100}
{"dataset": "personamem_v2_32k", "arm": "D", "status": "complete", "questions": 100}
{"dataset": "personamem_v2_128k", "arm": "B", "status": "complete", "questions": 100}
{"dataset": "personamem_v2_128k", "arm": "C", "status": "complete", "questions": 100}
{"dataset": "personamem_v2_128k", "arm": "D", "status": "complete", "questions": 100}
{"dataset": "beam_100k", "arm": "B", "status": "complete", "questions": 100}
{"dataset": "beam_100k", "arm": "C", "status": "complete", "questions": 100}
{"dataset": "beam_100k", "arm": "D", "status": "complete", "questions": 100}
{"dataset": "beam_500k", "arm": "B", "status": "complete", "questions": 100}
{"dataset": "beam_500k", "arm": "C", "status": "complete", "questions": 100}
{"dataset": "beam_500k", "arm": "D", "status": "complete", "questions": 100}
{"dataset": "beam_1m", "arm": "B", "status": "complete", "questions": 100}
{"dataset": "beam_1m", "arm": "C", "status": "complete", "questions": 100}
{"dataset": "beam_1m", "arm": "D", "status": "complete", "questions": 100}
